Archive member included to satisfy reference by file (symbol)

/usr/lib/gcc/arm-none-eabi/5.4.1/armv7-m/libgcc.a(_ashldi3.o)
                              obj_zoul/mmc.o (__aeabi_llsl)
/usr/lib/gcc/arm-none-eabi/5.4.1/armv7-m/libgcc.a(_aeabi_uldivmod.o)
                              obj_zoul/spi.o (__aeabi_uldivmod)
/usr/lib/gcc/arm-none-eabi/5.4.1/armv7-m/libgcc.a(_udivmoddi4.o)
                              /usr/lib/gcc/arm-none-eabi/5.4.1/armv7-m/libgcc.a(_aeabi_uldivmod.o) (__udivmoddi4)
/usr/lib/gcc/arm-none-eabi/5.4.1/armv7-m/libgcc.a(_dvmd_tls.o)
                              /usr/lib/gcc/arm-none-eabi/5.4.1/armv7-m/libgcc.a(_aeabi_uldivmod.o) (__aeabi_ldiv0)
/usr/lib/gcc/arm-none-eabi/5.4.1/../../../arm-none-eabi/lib/armv7-m/libc.a(lib_a-ctype_.o)
                              obj_zoul/resolv.o (__ctype_ptr__)
/usr/lib/gcc/arm-none-eabi/5.4.1/../../../arm-none-eabi/lib/armv7-m/libc.a(lib_a-malloc.o)
                              obj_zoul/syscall.o (malloc)
/usr/lib/gcc/arm-none-eabi/5.4.1/../../../arm-none-eabi/lib/armv7-m/libc.a(lib_a-mallocr.o)
                              /usr/lib/gcc/arm-none-eabi/5.4.1/../../../arm-none-eabi/lib/armv7-m/libc.a(lib_a-malloc.o) (_malloc_r)
/usr/lib/gcc/arm-none-eabi/5.4.1/../../../arm-none-eabi/lib/armv7-m/libc.a(lib_a-memcmp.o)
                              obj_zoul/slip.o (memcmp)
/usr/lib/gcc/arm-none-eabi/5.4.1/../../../arm-none-eabi/lib/armv7-m/libc.a(lib_a-memcpy.o)
                              obj_zoul/dbg-snprintf.o (memcpy)
/usr/lib/gcc/arm-none-eabi/5.4.1/../../../arm-none-eabi/lib/armv7-m/libc.a(lib_a-memmove.o)
                              obj_zoul/mmem.o (memmove)
/usr/lib/gcc/arm-none-eabi/5.4.1/../../../arm-none-eabi/lib/armv7-m/libc.a(lib_a-memset.o)
                              obj_zoul/gpio.o (memset)
/usr/lib/gcc/arm-none-eabi/5.4.1/../../../arm-none-eabi/lib/armv7-m/libc.a(lib_a-mlock.o)
                              /usr/lib/gcc/arm-none-eabi/5.4.1/../../../arm-none-eabi/lib/armv7-m/libc.a(lib_a-mallocr.o) (__malloc_lock)
/usr/lib/gcc/arm-none-eabi/5.4.1/../../../arm-none-eabi/lib/armv7-m/libc.a(lib_a-reent.o)
                              obj_zoul/syscalls.o (errno)
/usr/lib/gcc/arm-none-eabi/5.4.1/../../../arm-none-eabi/lib/armv7-m/libc.a(lib_a-sbrkr.o)
                              /usr/lib/gcc/arm-none-eabi/5.4.1/../../../arm-none-eabi/lib/armv7-m/libc.a(lib_a-mallocr.o) (_sbrk_r)
/usr/lib/gcc/arm-none-eabi/5.4.1/../../../arm-none-eabi/lib/armv7-m/libc.a(lib_a-strcasecmp.o)
                              obj_zoul/resolv.o (strcasecmp)
/usr/lib/gcc/arm-none-eabi/5.4.1/../../../arm-none-eabi/lib/armv7-m/libc.a(lib_a-strcat.o)
                              obj_zoul/resolv.o (strcat)
/usr/lib/gcc/arm-none-eabi/5.4.1/../../../arm-none-eabi/lib/armv7-m/libc.a(lib_a-strcmp.o)
                              obj_zoul/cfs-coffee.o (strcmp)
/usr/lib/gcc/arm-none-eabi/5.4.1/../../../arm-none-eabi/lib/armv7-m/libc.a(lib_a-strcpy.o)
                              /usr/lib/gcc/arm-none-eabi/5.4.1/../../../arm-none-eabi/lib/armv7-m/libc.a(lib_a-strcat.o) (strcpy)
/usr/lib/gcc/arm-none-eabi/5.4.1/../../../arm-none-eabi/lib/armv7-m/libc.a(lib_a-strlen-stub.o)
                              obj_zoul/sensors.o (strlen)
/usr/lib/gcc/arm-none-eabi/5.4.1/../../../arm-none-eabi/lib/armv7-m/libc.a(lib_a-strncasecmp.o)
                              obj_zoul/resolv.o (strncasecmp)
/usr/lib/gcc/arm-none-eabi/5.4.1/../../../arm-none-eabi/lib/armv7-m/libc.a(lib_a-strncat.o)
                              obj_zoul/resolv.o (strncat)
/usr/lib/gcc/arm-none-eabi/5.4.1/../../../arm-none-eabi/lib/armv7-m/libc.a(lib_a-strncmp.o)
                              obj_zoul/sensors.o (strncmp)
/usr/lib/gcc/arm-none-eabi/5.4.1/../../../arm-none-eabi/lib/armv7-m/libc.a(lib_a-strncpy.o)
                              obj_zoul/cfs-coffee.o (strncpy)
/usr/lib/gcc/arm-none-eabi/5.4.1/../../../arm-none-eabi/lib/armv7-m/libc.a(lib_a-freer.o)
                              /usr/lib/gcc/arm-none-eabi/5.4.1/../../../arm-none-eabi/lib/armv7-m/libc.a(lib_a-malloc.o) (_free_r)
/usr/lib/gcc/arm-none-eabi/5.4.1/../../../arm-none-eabi/lib/armv7-m/libc.a(lib_a-impure.o)
                              /usr/lib/gcc/arm-none-eabi/5.4.1/../../../arm-none-eabi/lib/armv7-m/libc.a(lib_a-malloc.o) (_impure_ptr)

Allocating common symbols
Common symbol       size              file

compower_idle_activity
                    0x8               obj_zoul/compower.o
uip_ds6_timer_ra    0x8               obj_zoul/uip-ds6.o
rtcc_int1_callback  0x4               obj_zoul/rtcc.o
usb_setup_buffer    0x8               obj_zoul/usb-core.o
uip_ds6_if          0xf8              obj_zoul/uip-ds6.o
resolv_event_found  0x1               obj_zoul/resolv.o
uip_ds6_netif_addr_list_offset
                    0x1               obj_zoul/uip-ds6.o
uip_len             0x2               obj_zoul/uip6.o
errno               0x4               /usr/lib/gcc/arm-none-eabi/5.4.1/../../../arm-none-eabi/lib/armv7-m/libc.a(lib_a-reent.o)
[...]
Memory Configuration

Name             Origin             Length             Attributes
FLASH_FW         0x00202000         0x0007dfd4         xr
FLASH_CCA        0x0027ffd4         0x0000002c         xr
NRSRAM           0x20000000         0x00004000         xrw
FRSRAM           0x20004000         0x00004000         xrw
*default*        0x00000000         0xffffffff

Linker script and memory map

LOAD obj_zoul/startup-gcc.o
LOAD obj_zoul/contiki-main.o
LOAD obj_zoul/leds.o
LOAD obj_zoul/cc1200-zoul-arch.o
LOAD obj_zoul/adc-zoul.o
LOAD obj_zoul/button-sensor.o
LOAD obj_zoul/zoul-sensors.o
LOAD obj_zoul/board.o
LOAD obj_zoul/antenna-sw.o
LOAD obj_zoul/mmc-arch.o
LOAD obj_zoul/rtcc.o
LOAD obj_zoul/leds-res-arch.o
LOAD obj_zoul/power-mgmt.o
LOAD obj_zoul/soc.o
LOAD obj_zoul/clock.o
LOAD obj_zoul/rtimer-arch.o
LOAD obj_zoul/uart.o
LOAD obj_zoul/watchdog.o
LOAD obj_zoul/nvic.o
LOAD obj_zoul/sys-ctrl.o
LOAD obj_zoul/gpio.o
LOAD obj_zoul/ioc.o
LOAD obj_zoul/spi.o
LOAD obj_zoul/adc.o
LOAD obj_zoul/crypto.o
LOAD obj_zoul/aes.o
LOAD obj_zoul/ecb.o
LOAD obj_zoul/cbc.o
LOAD obj_zoul/ctr.o
LOAD obj_zoul/cbc-mac.o
LOAD obj_zoul/gcm.o
LOAD obj_zoul/ccm.o
LOAD obj_zoul/sha256.o
LOAD obj_zoul/cc2538-aes-128.o
LOAD obj_zoul/cc2538-ccm-star.o
LOAD obj_zoul/cc2538-rf.o
LOAD obj_zoul/udma.o
LOAD obj_zoul/lpm.o
LOAD obj_zoul/pka.o
LOAD obj_zoul/bignum-driver.o
LOAD obj_zoul/ecc-driver.o
LOAD obj_zoul/ecc-algorithm.o
LOAD obj_zoul/ecc-curve.o
LOAD obj_zoul/dbg.o
LOAD obj_zoul/ieee-addr.o
LOAD obj_zoul/slip-arch.o
LOAD obj_zoul/slip.o
LOAD obj_zoul/i2c.o
LOAD obj_zoul/cc2538-temp-sensor.o
LOAD obj_zoul/vdd3-sensor.o
LOAD obj_zoul/cfs-coffee.o
LOAD obj_zoul/cfs-coffee-arch.o
LOAD obj_zoul/pwm.o
LOAD obj_zoul/dbg-printf.o
LOAD obj_zoul/dbg-snprintf.o
LOAD obj_zoul/dbg-sprintf.o
LOAD obj_zoul/strformat.o
LOAD obj_zoul/usb-core.o
LOAD obj_zoul/cdc-acm.o
LOAD obj_zoul/usb-arch.o
LOAD obj_zoul/usb-serial.o
LOAD obj_zoul/cdc-acm-descriptors.o
LOAD obj_zoul/autostart.o
LOAD obj_zoul/ctimer.o
LOAD obj_zoul/energest.o
LOAD obj_zoul/arg.o
LOAD obj_zoul/stimer.o
LOAD obj_zoul/etimer.o
LOAD obj_zoul/compower.o
LOAD obj_zoul/process.o
LOAD obj_zoul/rtimer.o
LOAD obj_zoul/mt.o
LOAD obj_zoul/procinit.o
LOAD obj_zoul/timer.o
LOAD obj_zoul/serial-line.o
LOAD obj_zoul/nullradio.o
LOAD obj_zoul/settings.o
LOAD obj_zoul/crc16.o
LOAD obj_zoul/ifft.o
LOAD obj_zoul/trickle-timer.o
LOAD obj_zoul/mmem.o
LOAD obj_zoul/me_tabs.o
LOAD obj_zoul/sensors.o
LOAD obj_zoul/ringbufindex.o
LOAD obj_zoul/ccm-star.o
LOAD obj_zoul/list.o
LOAD obj_zoul/aes-128.o
LOAD obj_zoul/print-stats.o
LOAD obj_zoul/memb.o
LOAD obj_zoul/me.o
LOAD obj_zoul/petsciiconv.o
LOAD obj_zoul/gcr.o
LOAD obj_zoul/random.o
LOAD obj_zoul/assert.o
LOAD obj_zoul/ringbuf.o
LOAD obj_zoul/websocket.o
LOAD obj_zoul/uip-icmp6.o
LOAD obj_zoul/uip-ds6.o
LOAD obj_zoul/uip-ds6-route.o
LOAD obj_zoul/uip6.o
LOAD obj_zoul/uip-ds6-nbr.o
LOAD obj_zoul/uip-nd6.o
LOAD obj_zoul/websocket-http-client.o
LOAD obj_zoul/sicslowpan.o
LOAD obj_zoul/slipdev.o
LOAD obj_zoul/dhcpc.o
LOAD obj_zoul/uip-packetqueue.o
LOAD obj_zoul/tcp-socket.o
LOAD obj_zoul/uip-debug.o
LOAD obj_zoul/ip64-addr.o
LOAD obj_zoul/uip-udp-packet.o
LOAD obj_zoul/psock.o
LOAD obj_zoul/tcpip.o
LOAD obj_zoul/resolv.o
LOAD obj_zoul/uip-nameserver.o
LOAD obj_zoul/uip-split.o
LOAD obj_zoul/udp-socket.o
LOAD obj_zoul/simple-udp.o
LOAD obj_zoul/uiplib.o
LOAD obj_zoul/rpl-icmp6.o
LOAD obj_zoul/rpl-of0.o
LOAD obj_zoul/rpl-dag.o
LOAD obj_zoul/rpl-timers.o
LOAD obj_zoul/rpl-ext-header.o
LOAD obj_zoul/rpl.o
LOAD obj_zoul/rpl-nbr-policy.o
LOAD obj_zoul/rpl-mrhof.o
LOAD obj_zoul/rpl-ns.o
LOAD obj_zoul/rpl-dag-root.o
LOAD obj_zoul/ff.o
LOAD obj_zoul/syscall.o
LOAD obj_zoul/unicode.o
LOAD obj_zoul/diskio.o
LOAD obj_zoul/mmc.o
LOAD obj_zoul/syscalls.o
LOAD obj_zoul/mtarch.o
LOAD obj_zoul/queuebuf.o
LOAD obj_zoul/nbr-table.o
LOAD obj_zoul/packetbuf.o
LOAD obj_zoul/netstack.o
LOAD obj_zoul/linkaddr.o
LOAD obj_zoul/net-debug.o
LOAD obj_zoul/link-stats.o
LOAD obj_zoul/framer-nullmac.o
LOAD obj_zoul/nullmac.o
LOAD obj_zoul/nullrdc-noframer.o
LOAD obj_zoul/frame802154e-ie.o
LOAD obj_zoul/mac-sequence.o
LOAD obj_zoul/nordc.o
LOAD obj_zoul/frame802154.o
LOAD obj_zoul/mac.o
LOAD obj_zoul/framer-802154.o
LOAD obj_zoul/csma.o
LOAD obj_zoul/phase.o
LOAD obj_zoul/nullrdc.o
LOAD obj_zoul/contikimac.o
LOAD obj_zoul/contikimac-framer.o
LOAD obj_zoul/nullsec.o
LOAD obj_zoul/anti-replay.o
LOAD obj_zoul/ccm-star-packetbuf.o
LOAD obj_zoul/noncoresec.o
LOAD obj_zoul/cc1200-868-fsk-1-2kbps.o
LOAD obj_zoul/cc1200.o
LOAD obj_zoul/cc1200-802154g-863-870-fsk-50kbps.o
LOAD hello-world.co
START GROUP
LOAD /usr/lib/gcc/arm-none-eabi/5.4.1/armv7-m/libgcc.a
LOAD /usr/lib/gcc/arm-none-eabi/5.4.1/../../../arm-none-eabi/lib/armv7-m/libc.a
END GROUP

.text           0x00202000     0xa9c5
                0x00202000                _text = .
 *(SORT(.vectors))
 .vectors       0x00202000      0x28c obj_zoul/startup-gcc.o
                0x00202000                vectors
 *(SORT(.text*))
 .text.reset_handler
                0x0020228c       0x40 obj_zoul/startup-gcc.o
                0x0020228c                reset_handler
 .text.startup.main
                0x002022cc      0x1b0 obj_zoul/contiki-main.o
                0x002022cc                main
 .text.leds_init
                0x0020247c       0x14 obj_zoul/leds.o
                0x0020247c                leds_init
 .text.leds_on  0x00202490       0x10 obj_zoul/leds.o
                0x00202490                leds_on
 .text.leds_off
                0x002024a0       0x14 obj_zoul/leds.o
                0x002024a0                leds_off
 .text.value    0x002024b4       0x20 obj_zoul/button-sensor.o
 .text.duration_exceeded_callback
                0x002024d4       0x3c obj_zoul/button-sensor.o
 .text.config_user
                0x00202510       0xa0 obj_zoul/button-sensor.o
 .text.btn_callback
                0x002025b0       0x5c obj_zoul/button-sensor.o
 .text.antenna_sw_config
                0x0020260c       0x30 obj_zoul/antenna-sw.o
                0x0020260c                antenna_sw_config
 .text.leds_arch_init
                0x0020263c       0x48 obj_zoul/leds-res-arch.o
                0x0020263c                leds_arch_init
 .text.leds_arch_set
                0x00202684       0x44 obj_zoul/leds-res-arch.o
                0x00202684                leds_arch_set
 .text.soc_get_rev
                0x002026c8       0x18 obj_zoul/soc.o
                0x002026c8                soc_get_rev
 .text.soc_get_sram_size
                0x002026e0       0x1c obj_zoul/soc.o
                0x002026e0                soc_get_sram_size
 .text.soc_print_info
                0x002026fc       0x70 obj_zoul/soc.o
                0x002026fc                soc_print_info
 .text.update_ticks
                0x0020276c       0x4c obj_zoul/clock.o
 .text.clock_init
                0x002027b8       0x4c obj_zoul/clock.o
                0x002027b8                clock_init
 .text.clock_time
                0x00202804       0x14 obj_zoul/clock.o
                0x00202804                clock_time
 .text.clock_seconds
                0x00202818       0x14 obj_zoul/clock.o
                0x00202818                clock_seconds
 .text.clock_delay_usec
                0x0020282c       0x1c obj_zoul/clock.o
                0x0020282c                clock_delay_usec
 .text.clock_adjust
                0x00202848       0x20 obj_zoul/clock.o
                0x00202848                clock_adjust
 .text.rtimer_arch_next_trigger
                0x00202868        0xc obj_zoul/rtimer-arch.o
                0x00202868                rtimer_arch_next_trigger
 .text.rtimer_arch_now
                0x00202874       0x2c obj_zoul/rtimer-arch.o
                0x00202874                rtimer_arch_now
 .text.rtimer_arch_schedule
                0x002028a0       0x58 obj_zoul/rtimer-arch.o
                0x002028a0                rtimer_arch_schedule
 .text.rtimer_isr
                0x002028f8       0x2c obj_zoul/rtimer-arch.o
                0x002028f8                rtimer_isr
 .text.permit_pm1
                0x00202924       0x24 obj_zoul/uart.o
 .text.uart_isr
                0x00202948       0x64 obj_zoul/uart.o
 .text.uart_init
                0x002029ac      0x198 obj_zoul/uart.o
                0x002029ac                uart_init
 .text.uart_set_input
                0x00202b44       0x10 obj_zoul/uart.o
                0x00202b44                uart_set_input
 .text.uart_write_byte
                0x00202b54       0x1c obj_zoul/uart.o
                0x00202b54                uart_write_byte
 .text.watchdog_init
                0x00202b70        0xc obj_zoul/watchdog.o
                0x00202b70                watchdog_init
 .text.watchdog_start
                0x00202b7c        0xc obj_zoul/watchdog.o
                0x00202b7c                watchdog_start
 .text.watchdog_periodic
                0x00202b88       0x10 obj_zoul/watchdog.o
                0x00202b88                watchdog_periodic
 .text.nvic_init
                0x00202b98       0x10 obj_zoul/nvic.o
                0x00202b98                nvic_init
 .text.sys_ctrl_get_reset_cause
                0x00202ba8       0x10 obj_zoul/sys-ctrl.o
                0x00202ba8                sys_ctrl_get_reset_cause
 .text.sys_ctrl_get_reset_cause_str
                0x00202bb8       0x14 obj_zoul/sys-ctrl.o
                0x00202bb8                sys_ctrl_get_reset_cause_str
 .text.sys_ctrl_init
                0x00202bcc       0x74 obj_zoul/sys-ctrl.o
                0x00202bcc                sys_ctrl_init
 .text.sys_ctrl_get_sys_clock
                0x00202c40       0x18 obj_zoul/sys-ctrl.o
                0x00202c40                sys_ctrl_get_sys_clock
 .text.sys_ctrl_get_io_clock
                0x00202c58       0x18 obj_zoul/sys-ctrl.o
                0x00202c58                sys_ctrl_get_io_clock
 .text.gpio_register_callback
                0x00202c70       0x10 obj_zoul/gpio.o
                0x00202c70                gpio_register_callback
 .text.notify   0x00202c80       0x30 obj_zoul/gpio.o
                0x00202c80                notify
 .text.gpio_port_isr
                0x00202cb0       0x50 obj_zoul/gpio.o
 .text.gpio_init
                0x00202d00       0x10 obj_zoul/gpio.o
                0x00202d00                gpio_init
 .text.ioc_init
                0x00202d10       0x1c obj_zoul/ioc.o
                0x00202d10                ioc_init
 .text.ioc_set_over
                0x00202d2c       0x14 obj_zoul/ioc.o
                0x00202d2c                ioc_set_over
 .text.ioc_set_sel
                0x00202d40       0x14 obj_zoul/ioc.o
                0x00202d40                ioc_set_sel
 .text.adc_get  0x00202d54       0x74 obj_zoul/adc.o
                0x00202d54                adc_get
 .text.permit_pm1
                0x00202dc8       0x10 obj_zoul/crypto.o
 .text.crypto_isr
                0x00202dd8       0x28 obj_zoul/crypto.o
                0x00202dd8                crypto_isr
 .text.crypto_enable
                0x00202e00       0x20 obj_zoul/crypto.o
                0x00202e00                crypto_enable
 .text.crypto_init
                0x00202e20       0x3c obj_zoul/crypto.o
                0x00202e20                crypto_init
 .text.crypto_disable
                0x00202e5c       0x20 obj_zoul/crypto.o
                0x00202e5c                crypto_disable
 .text.on       0x00202e7c       0x2c obj_zoul/cc2538-rf.o
 .text.off      0x00202ea8       0x44 obj_zoul/cc2538-rf.o
 .text.set_channel
                0x00202eec       0x48 obj_zoul/cc2538-rf.o
 .text.channel_clear
                0x00202f34       0x3c obj_zoul/cc2538-rf.o
 .text.receiving_packet
                0x00202f70       0x18 obj_zoul/cc2538-rf.o
 .text.pending_packet
                0x00202f88       0x10 obj_zoul/cc2538-rf.o
 .text.get_value
                0x00202f98      0x164 obj_zoul/cc2538-rf.o
 .text.prepare  0x002030fc       0x64 obj_zoul/cc2538-rf.o
 .text.transmit
                0x00203160       0x98 obj_zoul/cc2538-rf.o
 .text.set_poll_mode
                0x002031f8       0x9c obj_zoul/cc2538-rf.o
 .text.set_value
                0x00203294       0xf8 obj_zoul/cc2538-rf.o
 .text.set_object
                0x0020338c       0x30 obj_zoul/cc2538-rf.o
 .text.read     0x002033bc       0xe0 obj_zoul/cc2538-rf.o
 .text.init     0x0020349c       0xc8 obj_zoul/cc2538-rf.o
 .text.process_thread_cc2538_rf_process
                0x00203564       0x90 obj_zoul/cc2538-rf.o
 .text.get_object
                0x002035f4      0x144 obj_zoul/cc2538-rf.o
 .text.cc2538_rf_rx_tx_isr
                0x00203738       0x24 obj_zoul/cc2538-rf.o
                0x00203738                cc2538_rf_rx_tx_isr
 .text.cc2538_rf_err_isr
                0x0020375c       0x28 obj_zoul/cc2538-rf.o
                0x0020375c                cc2538_rf_err_isr
 .text.udma_init
                0x00203784       0x34 obj_zoul/udma.o
                0x00203784                udma_init
 .text.udma_set_channel_src
                0x002037b8       0x10 obj_zoul/udma.o
                0x002037b8                udma_set_channel_src
 .text.udma_set_channel_dst
                0x002037c8       0x14 obj_zoul/udma.o
                0x002037c8                udma_set_channel_dst
 .text.udma_set_channel_control_word
                0x002037dc       0x14 obj_zoul/udma.o
                0x002037dc                udma_set_channel_control_word
 .text.udma_channel_enable
                0x002037f0       0x18 obj_zoul/udma.o
                0x002037f0                udma_channel_enable
 .text.udma_channel_mask_set
                0x00203808       0x18 obj_zoul/udma.o
                0x00203808                udma_channel_mask_set
 .text.udma_channel_sw_request
                0x00203820       0x18 obj_zoul/udma.o
                0x00203820                udma_channel_sw_request
 .text.udma_channel_get_mode
                0x00203838       0x1c obj_zoul/udma.o
                0x00203838                udma_channel_get_mode
 .text.udma_isr
                0x00203854       0x10 obj_zoul/udma.o
                0x00203854                udma_isr
 .text.udma_err_isr
                0x00203864        0xc obj_zoul/udma.o
                0x00203864                udma_err_isr
 .text.select_32_mhz_xosc
                0x00203870       0x30 obj_zoul/lpm.o
 .text.lpm_exit
                0x002038a0       0x38 obj_zoul/lpm.o
                0x002038a0                lpm_exit
 .text.lpm_enter
                0x002038d8       0xb4 obj_zoul/lpm.o
                0x002038d8                lpm_enter
 .text.lpm_register_peripheral
                0x0020398c       0x24 obj_zoul/lpm.o
                0x0020398c                lpm_register_peripheral
 .text.lpm_init
                0x002039b0       0x24 obj_zoul/lpm.o
                0x002039b0                lpm_init
 .text.pka_isr  0x002039d4       0x28 obj_zoul/pka.o
                0x002039d4                pka_isr
 .text.ieee_addr_cpy_to
                0x002039fc       0x74 obj_zoul/ieee-addr.o
                0x002039fc                ieee_addr_cpy_to
 .text.printf   0x00203a70       0x20 obj_zoul/dbg-printf.o
                0x00203a70                printf
 .text.fill_space
                0x00203a90       0x34 obj_zoul/strformat.o
 .text.format_str_v
                0x00203ac4      0x6c8 obj_zoul/strformat.o
                0x00203ac4                format_str_v
 .text.process_thread_ctimer_process
                0x0020418c       0x80 obj_zoul/ctimer.o
 .text.ctimer_init
                0x0020420c       0x28 obj_zoul/ctimer.o
                0x0020420c                ctimer_init
 .text.ctimer_set_with_process
                0x00204234       0x44 obj_zoul/ctimer.o
                0x00204234                ctimer_set_with_process
 .text.ctimer_set
                0x00204278       0x14 obj_zoul/ctimer.o
                0x00204278                ctimer_set
 .text.ctimer_reset
                0x0020428c       0x38 obj_zoul/ctimer.o
                0x0020428c                ctimer_reset
 .text.ctimer_restart
                0x002042c4       0x38 obj_zoul/ctimer.o
                0x002042c4                ctimer_restart
 .text.ctimer_stop
                0x002042fc       0x2c obj_zoul/ctimer.o
                0x002042fc                ctimer_stop
 .text.stimer_expired
                0x00204328       0x20 obj_zoul/stimer.o
                0x00204328                stimer_expired
 .text.update_time
                0x00204348       0x44 obj_zoul/etimer.o
 .text.etimer_request_poll
                0x0020438c        0xc obj_zoul/etimer.o
                0x0020438c                etimer_request_poll
 .text.process_thread_etimer_process
                0x00204398       0xac obj_zoul/etimer.o
 .text.add_timer
                0x00204444       0x40 obj_zoul/etimer.o
 .text.etimer_pending
                0x00204484       0x10 obj_zoul/etimer.o
                0x00204484                etimer_pending
 .text.etimer_stop
                0x00204494       0x34 obj_zoul/etimer.o
                0x00204494                etimer_stop
 .text.call_process.part.0
                0x002044c8       0x38 obj_zoul/process.o
 .text.exit_process
                0x00204500       0x80 obj_zoul/process.o
 .text.do_poll  0x00204580       0x34 obj_zoul/process.o
 .text.process_alloc_event
                0x002045b4       0x10 obj_zoul/process.o
                0x002045b4                process_alloc_event
 .text.process_init
                0x002045c4       0x30 obj_zoul/process.o
                0x002045c4                process_init
 .text.process_run
                0x002045f4       0x84 obj_zoul/process.o
                0x002045f4                process_run
 .text.process_nevents
                0x00204678       0x14 obj_zoul/process.o
                0x00204678                process_nevents
 .text.process_post
                0x0020468c       0x3c obj_zoul/process.o
                0x0020468c                process_post
 .text.process_post_synch
                0x002046c8       0x14 obj_zoul/process.o
                0x002046c8                process_post_synch
 .text.process_start
                0x002046dc       0x30 obj_zoul/process.o
                0x002046dc                process_start
 .text.process_poll
                0x0020470c       0x18 obj_zoul/process.o
                0x0020470c                process_poll
 .text.rtimer_set
                0x00204724       0x24 obj_zoul/rtimer.o
                0x00204724                rtimer_set
 .text.rtimer_run_next
                0x00204748       0x28 obj_zoul/rtimer.o
                0x00204748                rtimer_run_next
 .text.process_thread_serial_line_process
                0x00204770       0x9c obj_zoul/serial-line.o
 .text.serial_line_input_byte
                0x0020480c       0x44 obj_zoul/serial-line.o
                0x0020480c                serial_line_input_byte
 .text.serial_line_init
                0x00204850       0x24 obj_zoul/serial-line.o
                0x00204850                serial_line_init
 .text.process_thread_sensors_process
                0x00204874       0xdc obj_zoul/sensors.o
 .text.sensors_changed
                0x00204950       0x3c obj_zoul/sensors.o
                0x00204950                sensors_changed
 .text.random_rand
                0x0020498c       0x20 obj_zoul/random.o
                0x0020498c                random_rand
 .text.random_init
                0x002049ac       0x7c obj_zoul/random.o
                0x002049ac                random_init
 .text.echo_reply_input
                0x00204a28       0xa0 obj_zoul/uip-icmp6.o
 .text.echo_request_input
                0x00204ac8       0xcc obj_zoul/uip-icmp6.o
 .text.uip_icmp6_input
                0x00204b94       0x38 obj_zoul/uip-icmp6.o
                0x00204b94                uip_icmp6_input
 .text.uip_icmp6_register_input_handler
                0x00204bcc        0xc obj_zoul/uip-icmp6.o
                0x00204bcc                uip_icmp6_register_input_handler
 .text.uip_icmp6_error_output
                0x00204bd8      0x140 obj_zoul/uip-icmp6.o
                0x00204bd8                uip_icmp6_error_output
 .text.uip_icmp6_send
                0x00204d18       0x8c obj_zoul/uip-icmp6.o
                0x00204d18                uip_icmp6_send
 .text.uip_icmp6_init
                0x00204da4       0x1c obj_zoul/uip-icmp6.o
                0x00204da4                uip_icmp6_init
 .text.uip_ds6_prefix_add
                0x00204dc0       0x64 obj_zoul/uip-ds6.o
                0x00204dc0                uip_ds6_prefix_add
 .text.uip_ds6_is_addr_onlink
                0x00204e24       0x3c obj_zoul/uip-ds6.o
                0x00204e24                uip_ds6_is_addr_onlink
 .text.uip_ds6_addr_lookup
                0x00204e60       0x2c obj_zoul/uip-ds6.o
                0x00204e60                uip_ds6_addr_lookup
 .text.uip_ds6_get_link_local
                0x00204e8c       0x40 obj_zoul/uip-ds6.o
                0x00204e8c                uip_ds6_get_link_local
 .text.uip_ds6_maddr_add
                0x00204ecc       0x4c obj_zoul/uip-ds6.o
                0x00204ecc                uip_ds6_maddr_add
 .text.uip_ds6_addr_add
                0x00204f18       0x94 obj_zoul/uip-ds6.o
                0x00204f18                uip_ds6_addr_add
 .text.uip_ds6_maddr_lookup
                0x00204fac       0x2c obj_zoul/uip-ds6.o
                0x00204fac                uip_ds6_maddr_lookup
 .text.uip_ds6_addr_rm
                0x00204fd8       0x44 obj_zoul/uip-ds6.o
                0x00204fd8                uip_ds6_addr_rm
 .text.uip_ds6_periodic
                0x0020501c       0x4c obj_zoul/uip-ds6.o
                0x0020501c                uip_ds6_periodic
 .text.uip_ds6_select_src
                0x00205068       0x94 obj_zoul/uip-ds6.o
                0x00205068                uip_ds6_select_src
 .text.uip_ds6_compute_reachable_time
                0x002050fc       0x2c obj_zoul/uip-ds6.o
                0x002050fc                uip_ds6_compute_reachable_time
 .text.uip_ds6_init
                0x00205128       0xe0 obj_zoul/uip-ds6.o
                0x00205128                uip_ds6_init
 .text.call_route_callback
                0x00205208       0x50 obj_zoul/uip-ds6-route.o
 .text.uip_ds6_route_init
                0x00205258       0x4c obj_zoul/uip-ds6-route.o
                0x00205258                uip_ds6_route_init
 .text.uip_ds6_route_nexthop
                0x002052a4       0x1c obj_zoul/uip-ds6-route.o
                0x002052a4                uip_ds6_route_nexthop
 .text.uip_ds6_route_head
                0x002052c0        0xc obj_zoul/uip-ds6-route.o
                0x002052c0                uip_ds6_route_head
 .text.uip_ds6_route_is_nexthop
                0x002052cc       0x20 obj_zoul/uip-ds6-route.o
                0x002052cc                uip_ds6_route_is_nexthop
 .text.uip_ds6_route_lookup
                0x002052ec       0x64 obj_zoul/uip-ds6-route.o
                0x002052ec                uip_ds6_route_lookup
 .text.uip_ds6_route_rm
                0x00205350       0x9c obj_zoul/uip-ds6-route.o
                0x00205350                uip_ds6_route_rm
 .text.rm_routelist
                0x002053ec       0x30 obj_zoul/uip-ds6-route.o
 .text.uip_ds6_route_add
                0x0020541c      0x100 obj_zoul/uip-ds6-route.o
                0x0020541c                uip_ds6_route_add
 .text.uip_ds6_defrt_rm
                0x0020551c       0x44 obj_zoul/uip-ds6-route.o
                0x0020551c                uip_ds6_defrt_rm
 .text.uip_ds6_defrt_lookup
                0x00205560       0x2c obj_zoul/uip-ds6-route.o
                0x00205560                uip_ds6_defrt_lookup
 .text.uip_ds6_defrt_add
                0x0020558c       0x64 obj_zoul/uip-ds6-route.o
                0x0020558c                uip_ds6_defrt_add
 .text.uip_ds6_defrt_choose
                0x002055f0       0x30 obj_zoul/uip-ds6-route.o
                0x002055f0                uip_ds6_defrt_choose
 .text.uip_ds6_defrt_periodic
                0x00205620       0x30 obj_zoul/uip-ds6-route.o
                0x00205620                uip_ds6_defrt_periodic
 .text.upper_layer_chksum
                0x00205650       0x54 obj_zoul/uip6.o
 .text.ext_hdr_options_process
                0x002056a4       0xc0 obj_zoul/uip6.o
 .text.uip_add32
                0x00205764       0x54 obj_zoul/uip6.o
                0x00205764                uip_add32
 .text.unlikely.uip_add_rcv_nxt
                0x002057b8       0x30 obj_zoul/uip6.o
 .text.uip_init
                0x002057e8       0x60 obj_zoul/uip6.o
                0x002057e8                uip_init
 .text.remove_ext_hdr
                0x00205848       0x50 obj_zoul/uip6.o
                0x00205848                remove_ext_hdr
 .text.uip_unlisten
                0x00205898       0x24 obj_zoul/uip6.o
                0x00205898                uip_unlisten
 .text.uip_process
                0x002058bc      0xd30 obj_zoul/uip6.o
                0x002058bc                uip_process
 .text.uip_ds6_nbr_rm
                0x002065ec       0x20 obj_zoul/uip-ds6-nbr.o
                0x002065ec                uip_ds6_nbr_rm
 .text.uip_ds6_neighbors_init
                0x0020660c       0x1c obj_zoul/uip-ds6-nbr.o
                0x0020660c                uip_ds6_neighbors_init
 .text.uip_ds6_nbr_add
                0x00206628       0x3c obj_zoul/uip-ds6-nbr.o
                0x00206628                uip_ds6_nbr_add
 .text.uip_ds6_nbr_get_ll
                0x00206664       0x10 obj_zoul/uip-ds6-nbr.o
                0x00206664                uip_ds6_nbr_get_ll
 .text.uip_ds6_nbr_lookup
                0x00206674       0x38 obj_zoul/uip-ds6-nbr.o
                0x00206674                uip_ds6_nbr_lookup
 .text.uip_ds6_nbr_ll_lookup
                0x002066ac       0x10 obj_zoul/uip-ds6-nbr.o
                0x002066ac                uip_ds6_nbr_ll_lookup
 .text.uip_ds6_link_neighbor_callback
                0x002066bc       0x34 obj_zoul/uip-ds6-nbr.o
                0x002066bc                uip_ds6_link_neighbor_callback
 .text.ns_input
                0x002066f0      0x26c obj_zoul/uip-nd6.o
 .text.uip_nd6_init
                0x0020695c        0xc obj_zoul/uip-nd6.o
                0x0020695c                uip_nd6_init
 .text.clear_fragments
                0x00206968       0x3c obj_zoul/sicslowpan.o
 .text.sicslowpan_init
                0x002069a4       0x24 obj_zoul/sicslowpan.o
                0x002069a4                sicslowpan_init
 .text.compress_addr_64
                0x002069c8       0x90 obj_zoul/sicslowpan.o
 .text.set_packet_attrs
                0x00206a58       0x40 obj_zoul/sicslowpan.o
 .text.addr_context_lookup_by_prefix
                0x00206a98       0x28 obj_zoul/sicslowpan.o
 .text.send_packet
                0x00206ac0       0x24 obj_zoul/sicslowpan.o
 .text.packet_sent
                0x00206ae4       0x28 obj_zoul/sicslowpan.o
 .text.store_fragment
                0x00206b0c       0x58 obj_zoul/sicslowpan.o
 .text.uncompress_addr
                0x00206b64       0x94 obj_zoul/sicslowpan.o
 .text.output   0x00206bf8      0x698 obj_zoul/sicslowpan.o
 .text.add_fragment
                0x00207290      0x11c obj_zoul/sicslowpan.o
 .text.input    0x002073ac      0x594 obj_zoul/sicslowpan.o
 .text.uip_debug_ipaddr_print
                0x00207940       0xa0 obj_zoul/uip-debug.o
                0x00207940                uip_debug_ipaddr_print
 .text.start_periodic_tcp_timer
                0x002079e0       0x1c obj_zoul/tcpip.o
 .text.tcpip_output
                0x002079fc       0x10 obj_zoul/tcpip.o
                0x002079fc                tcpip_output
 .text.tcpip_set_outputfunc
                0x00207a0c        0xc obj_zoul/tcpip.o
                0x00207a0c                tcpip_set_outputfunc
 .text.tcpip_icmp6_call
                0x00207a18       0x28 obj_zoul/tcpip.o
                0x00207a18                tcpip_icmp6_call
 .text.tcpip_input
                0x00207a40       0x24 obj_zoul/tcpip.o
                0x00207a40                tcpip_input
 .text.tcpip_ipv6_output
                0x00207a64       0xb0 obj_zoul/tcpip.o
                0x00207a64                tcpip_ipv6_output
 .text.process_thread_tcpip_process
                0x00207b14      0x1b0 obj_zoul/tcpip.o
 .text.tcpip_uipcall
                0x00207cc4       0x68 obj_zoul/tcpip.o
                0x00207cc4                tcpip_uipcall
 .text.dao_ack_input
                0x00207d2c       0x14 obj_zoul/rpl-icmp6.o
 .text.dio_input
                0x00207d40      0x254 obj_zoul/rpl-icmp6.o
 .text.dao_input
                0x00207f94      0x280 obj_zoul/rpl-icmp6.o
 .text.dis_output
                0x00208214       0x54 obj_zoul/rpl-icmp6.o
                0x00208214                dis_output
 .text.dio_output
                0x00208268      0x210 obj_zoul/rpl-icmp6.o
                0x00208268                dio_output
 .text.dis_input
                0x00208478       0x50 obj_zoul/rpl-icmp6.o
 .text.dao_output_target
                0x002084c8      0x100 obj_zoul/rpl-icmp6.o
                0x002084c8                dao_output_target
 .text.dao_output
                0x002085c8       0x90 obj_zoul/rpl-icmp6.o
                0x002085c8                dao_output
 .text.rpl_icmp6_register_handlers
                0x00208658       0x30 obj_zoul/rpl-icmp6.o
                0x00208658                rpl_icmp6_register_handlers
 .text.rpl_set_preferred_parent
                0x00208688       0x28 obj_zoul/rpl-dag.o
 .text.set_ip_from_prefix
                0x002086b0       0x2c obj_zoul/rpl-dag.o
 .text.find_parent_any_dag_any_instance
                0x002086dc       0x1c obj_zoul/rpl-dag.o
 .text.rpl_dag_init
                0x002086f8       0x14 obj_zoul/rpl-dag.o
                0x002086f8                rpl_dag_init
 .text.rpl_get_parent
                0x0020870c       0x10 obj_zoul/rpl-dag.o
                0x0020870c                rpl_get_parent
 .text.rpl_get_parent_lladdr
                0x0020871c       0x10 obj_zoul/rpl-dag.o
                0x0020871c                rpl_get_parent_lladdr
 .text.best_parent
                0x0020872c       0x78 obj_zoul/rpl-dag.o
 .text.rpl_alloc_instance
                0x002087a4       0x34 obj_zoul/rpl-dag.o
                0x002087a4                rpl_alloc_instance
 .text.rpl_add_parent
                0x002087d8       0x30 obj_zoul/rpl-dag.o
                0x002087d8                rpl_add_parent
 .text.rpl_remove_parent
                0x00208808       0x1c obj_zoul/rpl-dag.o
                0x00208808                rpl_remove_parent
 .text.remove_parents.constprop.7
                0x00208824       0x2c obj_zoul/rpl-dag.o
 .text.rpl_get_any_dag
                0x00208850       0x18 obj_zoul/rpl-dag.o
                0x00208850                rpl_get_any_dag
 .text.rpl_get_instance
                0x00208868       0x20 obj_zoul/rpl-dag.o
                0x00208868                rpl_get_instance
 .text.rpl_find_of
                0x00208888       0x14 obj_zoul/rpl-dag.o
                0x00208888                rpl_find_of
 .text.rpl_join_instance
                0x0020889c      0x13c obj_zoul/rpl-dag.o
                0x0020889c                rpl_join_instance
 .text.rpl_local_repair
                0x002089d8       0x80 obj_zoul/rpl-dag.o
                0x002089d8                rpl_local_repair
 .text.rpl_recalculate_ranks
                0x00208a58       0x3c obj_zoul/rpl-dag.o
                0x00208a58                rpl_recalculate_ranks
 .text.new_dio_interval
                0x00208a94       0x5c obj_zoul/rpl-timers.o
 .text.handle_periodic_timer
                0x00208af0       0x4c obj_zoul/rpl-timers.o
 .text.set_dao_lifetime_timer
                0x00208b3c       0x44 obj_zoul/rpl-timers.o
 .text.handle_dio_timer
                0x00208b80       0x80 obj_zoul/rpl-timers.o
 .text.schedule_dao
                0x00208c00       0x54 obj_zoul/rpl-timers.o
 .text.handle_dao_timer
                0x00208c54       0x58 obj_zoul/rpl-timers.o
 .text.rpl_reset_periodic_timer
                0x00208cac       0x34 obj_zoul/rpl-timers.o
                0x00208cac                rpl_reset_periodic_timer
 .text.rpl_schedule_unicast_dio_immediately
                0x00208ce0       0x14 obj_zoul/rpl-timers.o
                0x00208ce0                rpl_schedule_unicast_dio_immediately
 .text.get_probing_target
                0x00208cf4       0xd4 obj_zoul/rpl-timers.o
                0x00208cf4                get_probing_target
 .text.rpl_schedule_probing
                0x00208dc8       0x20 obj_zoul/rpl-timers.o
                0x00208dc8                rpl_schedule_probing
 .text.update_hbh_header
                0x00208de8       0xc8 obj_zoul/rpl-ext-header.o
 .text.insert_hbh_header
                0x00208eb0       0xa8 obj_zoul/rpl-ext-header.o
 .text.rpl_verify_hbh_header
                0x00208f58      0x104 obj_zoul/rpl-ext-header.o
                0x00208f58                rpl_verify_hbh_header
 .text.rpl_remove_header
                0x0020905c       0x7c obj_zoul/rpl-ext-header.o
                0x0020905c                rpl_remove_header
 .text.rpl_update_header
                0x002090d8       0x64 obj_zoul/rpl-ext-header.o
                0x002090d8                rpl_update_header
 .text.rpl_get_mode
                0x0020913c        0xc obj_zoul/rpl.o
                0x0020913c                rpl_get_mode
 .text.rpl_purge_routes
                0x00209148       0x6c obj_zoul/rpl.o
                0x00209148                rpl_purge_routes
 .text.rpl_link_neighbor_callback
                0x002091b4       0x54 obj_zoul/rpl.o
                0x002091b4                rpl_link_neighbor_callback
 .text.rpl_ipv6_neighbor_callback
                0x00209208       0x28 obj_zoul/rpl.o
                0x00209208                rpl_ipv6_neighbor_callback
 .text.rpl_purge_dags
                0x00209230       0x3c obj_zoul/rpl.o
                0x00209230                rpl_purge_dags
 .text.rpl_init
                0x0020926c       0x4c obj_zoul/rpl.o
                0x0020926c                rpl_init
 .text.update_nbr
                0x002092b8       0xf4 obj_zoul/rpl-nbr-policy.o
 .text.handle_periodic_timer
                0x002093ac       0x14 obj_zoul/rpl-nbr-policy.o
 .text.find_removable_dis
                0x002093c0       0x20 obj_zoul/rpl-nbr-policy.o
                0x002093c0                find_removable_dis
 .text.find_removable_dio
                0x002093e0       0x40 obj_zoul/rpl-nbr-policy.o
                0x002093e0                find_removable_dio
 .text.find_removable_dao
                0x00209420       0x38 obj_zoul/rpl-nbr-policy.o
                0x00209420                find_removable_dao
 .text.rpl_nbr_policy_find_removable
                0x00209458       0x28 obj_zoul/rpl-nbr-policy.o
                0x00209458                rpl_nbr_policy_find_removable
 .text.queuebuf_init
                0x00209480       0x1c obj_zoul/queuebuf.o
                0x00209480                queuebuf_init
 .text.queuebuf_numfree
                0x0020949c        0xc obj_zoul/queuebuf.o
                0x0020949c                queuebuf_numfree
 .text.queuebuf_new_from_packetbuf
                0x002094a8       0x44 obj_zoul/queuebuf.o
                0x002094a8                queuebuf_new_from_packetbuf
 .text.queuebuf_free
                0x002094ec       0x2c obj_zoul/queuebuf.o
                0x002094ec                queuebuf_free
 .text.queuebuf_to_packetbuf
                0x00209518       0x30 obj_zoul/queuebuf.o
                0x00209518                queuebuf_to_packetbuf
 .text.key_from_index
                0x00209548       0x18 obj_zoul/nbr-table.o
 .text.index_from_key
                0x00209560       0x20 obj_zoul/nbr-table.o
 .text.index_from_lladdr
                0x00209580       0x40 obj_zoul/nbr-table.o
 .text.nbr_get_bit.constprop.0
                0x002095c0       0x2c obj_zoul/nbr-table.o
 .text.remove_key
                0x002095ec       0x60 obj_zoul/nbr-table.o
 .text.nbr_table_register
                0x0020964c       0x28 obj_zoul/nbr-table.o
                0x0020964c                nbr_table_register
 .text.nbr_table_head
                0x00209674       0x38 obj_zoul/nbr-table.o
                0x00209674                nbr_table_head
 .text.nbr_table_add_lladdr
                0x002096ac      0x108 obj_zoul/nbr-table.o
                0x002096ac                nbr_table_add_lladdr
 .text.nbr_table_remove
                0x002097b4       0x2c obj_zoul/nbr-table.o
                0x002097b4                nbr_table_remove
 .text.nbr_table_lock
                0x002097e0       0x10 obj_zoul/nbr-table.o
                0x002097e0                nbr_table_lock
 .text.nbr_table_unlock
                0x002097f0       0x10 obj_zoul/nbr-table.o
                0x002097f0                nbr_table_unlock
 .text.packetbuf_hdrreduce
                0x00209800       0x28 obj_zoul/packetbuf.o
                0x00209800                packetbuf_hdrreduce
 .text.packetbuf_set_datalen
                0x00209828        0xc obj_zoul/packetbuf.o
                0x00209828                packetbuf_set_datalen
 .text.packetbuf_hdrptr
                0x00209834        0x8 obj_zoul/packetbuf.o
                0x00209834                packetbuf_hdrptr
 .text.packetbuf_datalen
                0x0020983c        0xc obj_zoul/packetbuf.o
                0x0020983c                packetbuf_datalen
 .text.packetbuf_hdrlen
                0x00209848       0x18 obj_zoul/packetbuf.o
                0x00209848                packetbuf_hdrlen
 .text.packetbuf_dataptr
                0x00209860       0x10 obj_zoul/packetbuf.o
                0x00209860                packetbuf_dataptr
 .text.packetbuf_copyto
                0x00209870       0x40 obj_zoul/packetbuf.o
                0x00209870                packetbuf_copyto
 .text.packetbuf_totlen
                0x002098b0       0x14 obj_zoul/packetbuf.o
                0x002098b0                packetbuf_totlen
 .text.packetbuf_hdralloc
                0x002098c4       0x3c obj_zoul/packetbuf.o
                0x002098c4                packetbuf_hdralloc
 .text.packetbuf_attr_clear
                0x00209900       0x34 obj_zoul/packetbuf.o
                0x00209900                packetbuf_attr_clear
 .text.packetbuf_clear
                0x00209934       0x20 obj_zoul/packetbuf.o
                0x00209934                packetbuf_clear
 .text.packetbuf_copyfrom
                0x00209954       0x2c obj_zoul/packetbuf.o
                0x00209954                packetbuf_copyfrom
 .text.packetbuf_attr_copyto
                0x00209980       0x34 obj_zoul/packetbuf.o
                0x00209980                packetbuf_attr_copyto
 .text.packetbuf_attr_copyfrom
                0x002099b4       0x34 obj_zoul/packetbuf.o
                0x002099b4                packetbuf_attr_copyfrom
 .text.packetbuf_set_attr
                0x002099e8       0x10 obj_zoul/packetbuf.o
                0x002099e8                packetbuf_set_attr
 .text.packetbuf_attr
                0x002099f8        0xc obj_zoul/packetbuf.o
                0x002099f8                packetbuf_attr
 .text.packetbuf_set_addr
                0x00209a04       0x18 obj_zoul/packetbuf.o
                0x00209a04                packetbuf_set_addr
 .text.packetbuf_addr
                0x00209a1c       0x10 obj_zoul/packetbuf.o
                0x00209a1c                packetbuf_addr
 .text.packetbuf_holds_broadcast
                0x00209a2c       0x10 obj_zoul/packetbuf.o
                0x00209a2c                packetbuf_holds_broadcast
 .text.netstack_init
                0x00209a3c       0x38 obj_zoul/netstack.o
                0x00209a3c                netstack_init
 .text.periodic
                0x00209a74       0x2c obj_zoul/link-stats.o
 .text.link_stats_from_lladdr
                0x00209aa0        0xc obj_zoul/link-stats.o
                0x00209aa0                link_stats_from_lladdr
 .text.link_stats_packet_sent
                0x00209aac       0x78 obj_zoul/link-stats.o
                0x00209aac                link_stats_packet_sent
 .text.link_stats_input_callback
                0x00209b24       0x4c obj_zoul/link-stats.o
                0x00209b24                link_stats_input_callback
 .text.link_stats_init
                0x00209b70       0x28 obj_zoul/link-stats.o
                0x00209b70                link_stats_init
 .text.mac_sequence_is_duplicate
                0x00209b98       0x4c obj_zoul/mac-sequence.o
                0x00209b98                mac_sequence_is_duplicate
 .text.mac_sequence_register_seqno
                0x00209be4       0x68 obj_zoul/mac-sequence.o
                0x00209be4                mac_sequence_register_seqno
 .text.frame802154_get_pan_id
                0x00209c4c        0xc obj_zoul/frame802154.o
                0x00209c4c                frame802154_get_pan_id
 .text.frame802154_parse
                0x00209c58      0x16c obj_zoul/frame802154.o
                0x00209c58                frame802154_parse
 .text.create_frame.isra.0
                0x00209dc4      0x12c obj_zoul/framer-802154.o
 .text.input_packet
                0x00209ef0        0xc obj_zoul/csma.o
 .text.on       0x00209efc        0xc obj_zoul/csma.o
 .text.off      0x00209f08        0xc obj_zoul/csma.o
 .text.channel_check_interval
                0x00209f14       0x10 obj_zoul/csma.o
 .text.transmit_packet_list
                0x00209f24       0x30 obj_zoul/csma.o
 .text.schedule_transmission
                0x00209f54       0x4c obj_zoul/csma.o
 .text.send_packet
                0x00209fa0      0x138 obj_zoul/csma.o
 .text.init     0x0020a0d8       0x24 obj_zoul/csma.o
 .text.tx_done  0x0020a0fc       0x84 obj_zoul/csma.o
 .text.init     0x0020a180       0x40 obj_zoul/contikimac.o
 .text.on       0x0020a1c0       0x2c obj_zoul/contikimac.o
 .text.off      0x0020a1ec       0x38 obj_zoul/contikimac.o
 .text.recv_burst_off
                0x0020a224       0x14 obj_zoul/contikimac.o
 .text.powercycle_turn_radio_off
                0x0020a238       0x1c obj_zoul/contikimac.o
 .text.turn_off
                0x0020a254       0x38 obj_zoul/contikimac.o
 .text.turn_on  0x0020a28c       0x40 obj_zoul/contikimac.o
 .text.schedule_powercycle_fixed
                0x0020a2cc       0x34 obj_zoul/contikimac.o
 .text.input_packet
                0x0020a300       0xa8 obj_zoul/contikimac.o
 .text.send_packet.isra.8
                0x0020a3a8      0x1f4 obj_zoul/contikimac.o
 .text.qsend_list
                0x0020a59c       0xd0 obj_zoul/contikimac.o
 .text.powercycle_wrapper
                0x0020a66c      0x1ec obj_zoul/contikimac.o
 .text.input    0x0020a858        0xc obj_zoul/nullsec.o
 .text.send     0x0020a864       0x20 obj_zoul/nullsec.o
 .text.process_thread_hello_world_process
                0x0020a884       0x1c hello-world.co
 .text          0x0020a8a0       0x30 /usr/lib/gcc/arm-none-eabi/5.4.1/armv7-m/libgcc.a(_aeabi_uldivmod.o)
                0x0020a8a0                __aeabi_uldivmod
 .text          0x0020a8d0      0x2ec /usr/lib/gcc/arm-none-eabi/5.4.1/armv7-m/libgcc.a(_udivmoddi4.o)
                0x0020a8d0                __udivmoddi4
 .text          0x0020abbc        0x4 /usr/lib/gcc/arm-none-eabi/5.4.1/armv7-m/libgcc.a(_dvmd_tls.o)
                0x0020abbc                __aeabi_ldiv0
                0x0020abbc                __aeabi_idiv0
 .text          0x0020abc0       0x64 /usr/lib/gcc/arm-none-eabi/5.4.1/../../../arm-none-eabi/lib/armv7-m/libc.a(lib_a-memcmp.o)
                0x0020abc0                memcmp
 .text          0x0020ac24       0xec /usr/lib/gcc/arm-none-eabi/5.4.1/../../../arm-none-eabi/lib/armv7-m/libc.a(lib_a-memcpy.o)
                0x0020ac24                memcpy
 .text          0x0020ad10       0xc8 /usr/lib/gcc/arm-none-eabi/5.4.1/../../../arm-none-eabi/lib/armv7-m/libc.a(lib_a-memmove.o)
                0x0020ad10                memmove
 .text          0x0020add8       0x9c /usr/lib/gcc/arm-none-eabi/5.4.1/../../../arm-none-eabi/lib/armv7-m/libc.a(lib_a-memset.o)
                0x0020add8                memset
 .text.default_handler
                0x0020ae74        0x2 obj_zoul/startup-gcc.o
                0x0020ae74                default_handler
 .text.nmi_handler
                0x0020ae76        0x6 obj_zoul/startup-gcc.o
                0x0020ae76                nmi_handler
 .text.fade     0x0020ae7c       0x58 obj_zoul/contiki-main.o
 .text.board_init
                0x0020aed4        0x4 obj_zoul/board.o
                0x0020aed4                board_init
 .text.clock_isr
                0x0020aed8        0x4 obj_zoul/clock.o
                0x0020aed8                clock_isr
 .text.rtimer_arch_init
                0x0020aedc        0x2 obj_zoul/rtimer-arch.o
                0x0020aedc                rtimer_arch_init
 .text.uart0_isr
                0x0020aede        0x6 obj_zoul/uart.o
                0x0020aede                uart0_isr
 .text.uart1_isr
                0x0020aee4        0x6 obj_zoul/uart.o
                0x0020aee4                uart1_isr
 .text.gpio_port_a_isr
                0x0020aeea        0x6 obj_zoul/gpio.o
                0x0020aeea                gpio_port_a_isr
 .text.gpio_port_b_isr
                0x0020aef0        0x6 obj_zoul/gpio.o
                0x0020aef0                gpio_port_b_isr
 .text.gpio_port_c_isr
                0x0020aef6        0x6 obj_zoul/gpio.o
                0x0020aef6                gpio_port_c_isr
 .text.gpio_port_d_isr
                0x0020aefc        0x6 obj_zoul/gpio.o
                0x0020aefc                gpio_port_d_isr
 .text.send     0x0020af02       0x12 obj_zoul/cc2538-rf.o
 .text.putchar  0x0020af14       0x10 obj_zoul/dbg.o
                0x0020af14                putchar
 .text.dbg_send_bytes
                0x0020af24       0x20 obj_zoul/dbg.o
                0x0020af24                dbg_send_bytes
 .text.puts     0x0020af44       0x20 obj_zoul/dbg.o
                0x0020af44                puts
 .text.configure
                0x0020af64        0x4 obj_zoul/cc2538-temp-sensor.o
 .text.status   0x0020af68        0x4 obj_zoul/cc2538-temp-sensor.o
 .text.value    0x0020af6c       0x34 obj_zoul/cc2538-temp-sensor.o
 .text.configure
                0x0020afa0        0x4 obj_zoul/vdd3-sensor.o
 .text.status   0x0020afa4        0x4 obj_zoul/vdd3-sensor.o
 .text.value    0x0020afa8       0x2a obj_zoul/vdd3-sensor.o
 .text.write_str
                0x0020afd2       0x10 obj_zoul/dbg-printf.o
 .text.autostart_start
                0x0020afe2       0x14 obj_zoul/autostart.o
                0x0020afe2                autostart_start
 .text.energest_init
                0x0020aff6        0x2 obj_zoul/energest.o
                0x0020aff6                energest_init
 .text.stimer_set
                0x0020aff8        0xe obj_zoul/stimer.o
                0x0020aff8                stimer_set
 .text.etimer_set
                0x0020b006       0x12 obj_zoul/etimer.o
                0x0020b006                etimer_set
 .text.etimer_reset
                0x0020b018       0x12 obj_zoul/etimer.o
                0x0020b018                etimer_reset
 .text.etimer_restart
                0x0020b02a       0x12 obj_zoul/etimer.o
                0x0020b02a                etimer_restart
 .text.etimer_expired
                0x0020b03c        0xa obj_zoul/etimer.o
                0x0020b03c                etimer_expired
 .text.etimer_expiration_time
                0x0020b046        0x6 obj_zoul/etimer.o
                0x0020b046                etimer_expiration_time
 .text.call_process
                0x0020b04c        0xc obj_zoul/process.o
 .text.rtimer_init
                0x0020b058        0x4 obj_zoul/rtimer.o
                0x0020b058                rtimer_init
 .text.timer_set
                0x0020b05c        0xe obj_zoul/timer.o
                0x0020b05c                timer_set
 .text.timer_reset
                0x0020b06a        0xa obj_zoul/timer.o
                0x0020b06a                timer_reset
 .text.timer_restart
                0x0020b074        0xc obj_zoul/timer.o
                0x0020b074                timer_restart
 .text.timer_expired
                0x0020b080       0x1c obj_zoul/timer.o
                0x0020b080                timer_expired
 .text.list_init
                0x0020b09c        0x6 obj_zoul/list.o
                0x0020b09c                list_init
 .text.list_head
                0x0020b0a2        0x4 obj_zoul/list.o
                0x0020b0a2                list_head
 .text.list_tail
                0x0020b0a6       0x10 obj_zoul/list.o
                0x0020b0a6                list_tail
 .text.list_remove
                0x0020b0b6       0x26 obj_zoul/list.o
                0x0020b0b6                list_remove
 .text.list_add
                0x0020b0dc       0x1a obj_zoul/list.o
                0x0020b0dc                list_add
 .text.list_push
                0x0020b0f6       0x10 obj_zoul/list.o
                0x0020b0f6                list_push
 .text.list_length
                0x0020b106        0xe obj_zoul/list.o
                0x0020b106                list_length
 .text.list_item_next
                0x0020b114        0x6 obj_zoul/list.o
                0x0020b114                list_item_next
 .text.memb_init
                0x0020b11a       0x20 obj_zoul/memb.o
                0x0020b11a                memb_init
 .text.memb_alloc
                0x0020b13a       0x28 obj_zoul/memb.o
                0x0020b13a                memb_alloc
 .text.memb_free
                0x0020b162       0x2c obj_zoul/memb.o
                0x0020b162                memb_free
 .text.memb_inmemb
                0x0020b18e       0x1c obj_zoul/memb.o
                0x0020b18e                memb_inmemb
 .text.memb_numfree
                0x0020b1aa       0x1c obj_zoul/memb.o
                0x0020b1aa                memb_numfree
 .text.ringbuf_init
                0x0020b1c6        0xe obj_zoul/ringbuf.o
                0x0020b1c6                ringbuf_init
 .text.ringbuf_put
                0x0020b1d4       0x26 obj_zoul/ringbuf.o
                0x0020b1d4                ringbuf_put
 .text.ringbuf_get
                0x0020b1fa       0x20 obj_zoul/ringbuf.o
                0x0020b1fa                ringbuf_get
 .text.uip_ds6_list_loop
                0x0020b21a       0x48 obj_zoul/uip-ds6.o
                0x0020b21a                uip_ds6_list_loop
 .text.uip_ds6_maddr_rm
                0x0020b262        0x8 obj_zoul/uip-ds6.o
                0x0020b262                uip_ds6_maddr_rm
 .text.uip_ds6_set_addr_iid
                0x0020b26a       0x12 obj_zoul/uip-ds6.o
                0x0020b26a                uip_ds6_set_addr_iid
 .text.get_match_length
                0x0020b27c       0x3e obj_zoul/uip-ds6.o
                0x0020b27c                get_match_length
 .text.uip_ds6_route_next
                0x0020b2ba        0x8 obj_zoul/uip-ds6-route.o
                0x0020b2ba                uip_ds6_route_next
 .text.rm_routelist_callback
                0x0020b2c2        0x4 obj_zoul/uip-ds6-route.o
 .text.chksum   0x0020b2c6       0x38 obj_zoul/uip6.o
 .text.uip_icmp6chksum
                0x0020b2fe        0x6 obj_zoul/uip6.o
                0x0020b2fe                uip_icmp6chksum
 .text.uip_tcpchksum
                0x0020b304        0x6 obj_zoul/uip6.o
                0x0020b304                uip_tcpchksum
 .text.uip_udpchksum
                0x0020b30a        0x6 obj_zoul/uip6.o
                0x0020b30a                uip_udpchksum
 .text.uip_htonl
                0x0020b310       0x18 obj_zoul/uip6.o
                0x0020b310                uip_htonl
 .text.uip_ds6_nbr_ipaddr_from_lladdr
                0x0020b328        0x4 obj_zoul/uip-ds6-nbr.o
                0x0020b328                uip_ds6_nbr_ipaddr_from_lladdr
 .text.uip_ds6_nbr_lladdr_from_ipaddr
                0x0020b32c       0x12 obj_zoul/uip-ds6-nbr.o
                0x0020b32c                uip_ds6_nbr_lladdr_from_ipaddr
 .text.get32    0x0020b33e       0x18 obj_zoul/rpl-icmp6.o
 .text.set32    0x0020b356       0x12 obj_zoul/rpl-icmp6.o
 .text.get16    0x0020b368        0xc obj_zoul/rpl-icmp6.o
 .text.set16    0x0020b374        0xa obj_zoul/rpl-icmp6.o
 .text.rpl_icmp6_update_nbr_table
                0x0020b37e       0x2e obj_zoul/rpl-icmp6.o
                0x0020b37e                rpl_icmp6_update_nbr_table
 .text.check_prefix
                0x0020b3ac       0x58 obj_zoul/rpl-dag.o
 .text.lollipop_greater_than
                0x0020b404       0x34 obj_zoul/rpl-dag.o
 .text.rpl_rank_via_parent
                0x0020b438       0x1a obj_zoul/rpl-dag.o
                0x0020b438                rpl_rank_via_parent
 .text.rpl_get_parent_ipaddr
                0x0020b452        0xe obj_zoul/rpl-dag.o
                0x0020b452                rpl_get_parent_ipaddr
 .text.rpl_get_parent_link_stats
                0x0020b460        0xe obj_zoul/rpl-dag.o
                0x0020b460                rpl_get_parent_link_stats
 .text.rpl_parent_is_fresh
                0x0020b46e        0xe obj_zoul/rpl-dag.o
                0x0020b46e                rpl_parent_is_fresh
 .text.rpl_parent_is_reachable
                0x0020b47c       0x36 obj_zoul/rpl-dag.o
                0x0020b47c                rpl_parent_is_reachable
 .text.rpl_set_prefix
                0x0020b4b2       0x6c obj_zoul/rpl-dag.o
                0x0020b4b2                rpl_set_prefix
 .text.rpl_set_default_route
                0x0020b51e       0x30 obj_zoul/rpl-dag.o
                0x0020b51e                rpl_set_default_route
 .text.rpl_find_parent
                0x0020b54e       0x16 obj_zoul/rpl-dag.o
                0x0020b54e                rpl_find_parent
 .text.rpl_find_parent_any_dag
                0x0020b564       0x1e obj_zoul/rpl-dag.o
                0x0020b564                rpl_find_parent_any_dag
 .text.rpl_select_parent
                0x0020b582       0x4a obj_zoul/rpl-dag.o
                0x0020b582                rpl_select_parent
 .text.rpl_select_dag
                0x0020b5cc      0x15a obj_zoul/rpl-dag.o
                0x0020b5cc                rpl_select_dag
 .text.rpl_nullify_parent
                0x0020b726       0x54 obj_zoul/rpl-dag.o
                0x0020b726                rpl_nullify_parent
 .text.nbr_callback
                0x0020b77a        0x4 obj_zoul/rpl-dag.o
 .text.rpl_free_dag
                0x0020b77e       0x3a obj_zoul/rpl-dag.o
                0x0020b77e                rpl_free_dag
 .text.rpl_move_parent
                0x0020b7b8       0x54 obj_zoul/rpl-dag.o
                0x0020b7b8                rpl_move_parent
 .text.rpl_repair_root
                0x0020b80c       0x48 obj_zoul/rpl-dag.o
                0x0020b80c                rpl_repair_root
 .text.rpl_alloc_dag
                0x0020b854       0x48 obj_zoul/rpl-dag.o
                0x0020b854                rpl_alloc_dag
 .text.rpl_process_parent_event
                0x0020b89c       0x96 obj_zoul/rpl-dag.o
                0x0020b89c                rpl_process_parent_event
 .text.rpl_add_dag
                0x0020b932      0x112 obj_zoul/rpl-dag.o
                0x0020b932                rpl_add_dag
 .text.rpl_process_dio
                0x0020ba44      0x306 obj_zoul/rpl-dag.o
                0x0020ba44                rpl_process_dio
 .text.handle_unicast_dio_timer
                0x0020bd4a       0x1c obj_zoul/rpl-timers.o
 .text.rpl_reset_dio_timer
                0x0020bd66       0x1c obj_zoul/rpl-timers.o
                0x0020bd66                rpl_reset_dio_timer
 .text.rpl_schedule_dao
                0x0020bd82        0x8 obj_zoul/rpl-timers.o
                0x0020bd82                rpl_schedule_dao
 .text.get_probing_delay
                0x0020bd8a       0x3a obj_zoul/rpl-timers.o
                0x0020bd8a                get_probing_delay
 .text.handle_probing_timer
                0x0020bdc4       0x32 obj_zoul/rpl-timers.o
 .text.rpl_remove_routes
                0x0020bdf6       0x1e obj_zoul/rpl.o
                0x0020bdf6                rpl_remove_routes
 .text.rpl_remove_routes_by_nexthop
                0x0020be14       0x30 obj_zoul/rpl.o
                0x0020be14                rpl_remove_routes_by_nexthop
 .text.rpl_add_route
                0x0020be44       0x36 obj_zoul/rpl.o
                0x0020be44                rpl_add_route
 .text.reset    0x0020be7a        0x2 obj_zoul/rpl-mrhof.o
 .text.update_metric_container
                0x0020be7c        0x6 obj_zoul/rpl-mrhof.o
 .text.parent_link_metric
                0x0020be82       0x12 obj_zoul/rpl-mrhof.o
 .text.parent_has_usable_link
                0x0020be94       0x12 obj_zoul/rpl-mrhof.o
 .text.best_dag
                0x0020bea6       0x2c obj_zoul/rpl-mrhof.o
 .text.parent_path_cost
                0x0020bed2       0x34 obj_zoul/rpl-mrhof.o
 .text.parent_is_acceptable
                0x0020bf06       0x26 obj_zoul/rpl-mrhof.o
 .text.rank_via_parent
                0x0020bf2c       0x34 obj_zoul/rpl-mrhof.o
 .text.best_parent
                0x0020bf60       0x62 obj_zoul/rpl-mrhof.o
 .text.svcall_handler
                0x0020bfc2       0x1e obj_zoul/mtarch.o
                0x0020bfc2                svcall_handler
 .text.pendsv_handler
                0x0020bfe0       0x18 obj_zoul/mtarch.o
                0x0020bfe0                pendsv_handler
 .text.queuebuf_update_attr_from_packetbuf
                0x0020bff8        0xc obj_zoul/queuebuf.o
                0x0020bff8                queuebuf_update_attr_from_packetbuf
 .text.queuebuf_update_from_packetbuf
                0x0020c004       0x1c obj_zoul/queuebuf.o
                0x0020c004                queuebuf_update_from_packetbuf
 .text.queuebuf_attr
                0x0020c020        0xc obj_zoul/queuebuf.o
                0x0020c020                queuebuf_attr
 .text.item_from_index
                0x0020c02c       0x14 obj_zoul/nbr-table.o
 .text.index_from_item
                0x0020c040       0x16 obj_zoul/nbr-table.o
 .text.nbr_set_bit
                0x0020c056       0x38 obj_zoul/nbr-table.o
 .text.nbr_table_next
                0x0020c08e       0x36 obj_zoul/nbr-table.o
                0x0020c08e                nbr_table_next
 .text.nbr_table_get_from_lladdr
                0x0020c0c4       0x26 obj_zoul/nbr-table.o
                0x0020c0c4                nbr_table_get_from_lladdr
 .text.nbr_table_get_lladdr
                0x0020c0ea       0x10 obj_zoul/nbr-table.o
                0x0020c0ea                nbr_table_get_lladdr
 .text.nbr_table_update_lladdr
                0x0020c0fa       0x40 obj_zoul/nbr-table.o
                0x0020c0fa                nbr_table_update_lladdr
 .text.linkaddr_copy
                0x0020c13a        0xa obj_zoul/linkaddr.o
                0x0020c13a                linkaddr_copy
 .text.linkaddr_cmp
                0x0020c144       0x10 obj_zoul/linkaddr.o
                0x0020c144                linkaddr_cmp
 .text.link_stats_is_fresh
                0x0020c154       0x24 obj_zoul/link-stats.o
                0x0020c154                link_stats_is_fresh
 .text.frame802154_has_panid
                0x0020c178       0xa6 obj_zoul/frame802154.o
                0x0020c178                frame802154_has_panid
 .text.field_len
                0x0020c21e       0x80 obj_zoul/frame802154.o
 .text.frame802154_is_broadcast_addr
                0x0020c29e       0x1e obj_zoul/frame802154.o
                0x0020c29e                frame802154_is_broadcast_addr
 .text.frame802154_hdrlen
                0x0020c2bc       0x32 obj_zoul/frame802154.o
                0x0020c2bc                frame802154_hdrlen
 .text.frame802154_create
                0x0020c2ee       0xe6 obj_zoul/frame802154.o
                0x0020c2ee                frame802154_create
 .text.mac_call_sent_callback
                0x0020c3d4       0x18 obj_zoul/mac.o
                0x0020c3d4                mac_call_sent_callback
 .text.parse    0x0020c3ec       0x94 obj_zoul/framer-802154.o
 .text.create   0x0020c480        0x6 obj_zoul/framer-802154.o
 .text.hdr_length
                0x0020c486        0x6 obj_zoul/framer-802154.o
 .text.packet_sent
                0x0020c48c       0xd6 obj_zoul/csma.o
 .text.duty_cycle
                0x0020c562        0x4 obj_zoul/contikimac.o
 .text.qsend_packet
                0x0020c566       0x22 obj_zoul/contikimac.o
 .text.init     0x0020c588        0x2 obj_zoul/nullsec.o
 *(SORT(.rodata*))
 *fill*         0x0020c58a        0x2 00000000
 .rodata.button_sensor
                0x0020c58c       0x10 obj_zoul/button-sensor.o
                0x0020c58c                button_sensor
 .rodata.uart_regs
                0x0020c59c       0x58 obj_zoul/uart.o
 .rodata.reset_cause.5281
                0x0020c5f4       0x10 obj_zoul/sys-ctrl.o
 .rodata.output_power
                0x0020c604       0x70 obj_zoul/cc2538-rf.o
 .rodata.cc2538_rf_driver
                0x0020c674       0x38 obj_zoul/cc2538-rf.o
                0x0020c674                cc2538_rf_driver
 .rodata.cc2538_temp_sensor
                0x0020c6ac       0x10 obj_zoul/cc2538-temp-sensor.o
                0x0020c6ac                cc2538_temp_sensor
 .rodata.vdd3_sensor
                0x0020c6bc       0x10 obj_zoul/vdd3-sensor.o
                0x0020c6bc                vdd3_sensor
 .rodata.sicslowpan_driver
                0x0020c6cc        0xc obj_zoul/sicslowpan.o
                0x0020c6cc                sicslowpan_driver
 .rodata.framer_802154
                0x0020c6d8        0xc obj_zoul/framer-802154.o
                0x0020c6d8                framer_802154
 .rodata.csma_driver
                0x0020c6e4       0x1c obj_zoul/csma.o
                0x0020c6e4                csma_driver
 .rodata.contikimac_driver
                0x0020c700       0x20 obj_zoul/contikimac.o
                0x0020c700                contikimac_driver
 .rodata.nullsec_driver
                0x0020c720       0x10 obj_zoul/nullsec.o
                0x0020c720                nullsec_driver
 .rodata.autostart_processes
                0x0020c730        0x8 hello-world.co
                0x0020c730                autostart_processes
 .rodata.str1.1
                0x0020c738       0x80 obj_zoul/contiki-main.o
 .rodata.str1.1
                0x0020c7b8        0x7 obj_zoul/button-sensor.o
 .rodata.str1.1
                0x0020c7bf       0x94 obj_zoul/soc.o
 .rodata.str1.1
                0x0020c853       0x2d obj_zoul/sys-ctrl.o
 .rodata.str1.1
                0x0020c880       0x11 obj_zoul/cc2538-rf.o
 .rodata.str1.1
                0x0020c891       0x14 obj_zoul/cc2538-temp-sensor.o
 .rodata.str1.1
                0x0020c8a5        0x5 obj_zoul/vdd3-sensor.o
 .rodata.str1.1
                0x0020c8aa       0x35 obj_zoul/strformat.o
                                 0x37 (size before relaxing)
 .rodata.buffer.4238
                0x0020c8df       0x10 obj_zoul/strformat.o
 .rodata.buffer.4247
                0x0020c8ef       0x10 obj_zoul/strformat.o
 .rodata.str1.1
                0x0020c8ff        0xf obj_zoul/ctimer.o
 .rodata.str1.1
                0x0020c90e        0xc obj_zoul/etimer.o
 .rodata.str1.1
                0x0020c91a        0xe obj_zoul/serial-line.o
 .rodata.str1.1
                0x0020c928        0x8 obj_zoul/sensors.o
 .rodata        0x0020c930        0x2 obj_zoul/sicslowpan.o
 .rodata.ttl_values
                0x0020c932        0x4 obj_zoul/sicslowpan.o
 .rodata.unc_llconf
                0x0020c936        0x4 obj_zoul/sicslowpan.o
                0x0020c936                unc_llconf
 .rodata.llprefix
                0x0020c93a        0x2 obj_zoul/sicslowpan.o
                0x0020c93a                llprefix
 .rodata.unc_mxconf
                0x0020c93c        0x4 obj_zoul/sicslowpan.o
                0x0020c93c                unc_mxconf
 .rodata.str1.1
                0x0020c940        0xb obj_zoul/sicslowpan.o
 .rodata.unc_ctxconf
                0x0020c94b        0x4 obj_zoul/sicslowpan.o
                0x0020c94b                unc_ctxconf
 .rodata.str1.1
                0x0020c94f       0x28 obj_zoul/uip-debug.o
 .rodata.str1.1
                0x0020c977        0xd obj_zoul/tcpip.o
 .rodata.linkaddr_null
                0x0020c984        0x8 obj_zoul/linkaddr.o
                0x0020c984                linkaddr_null
 .rodata.str1.1
                0x0020c98c        0x5 obj_zoul/csma.o
 .rodata.str1.1
                0x0020c991        0xb obj_zoul/contikimac.o
 .rodata.str1.1
                0x0020c99c        0x8 obj_zoul/nullsec.o
 .rodata.str1.1
                0x0020c9a4       0x21 hello-world.co
                0x0020c9c5                _etext = .

.glue_7         0x0020c9c8        0x0
 .glue_7        0x0020c9c8        0x0 linker stubs

.glue_7t        0x0020c9c8        0x0
 .glue_7t       0x0020c9c8        0x0 linker stubs

.vfp11_veneer   0x0020c9c8        0x0
 .vfp11_veneer  0x0020c9c8        0x0 linker stubs

.v4_bx          0x0020c9c8        0x0
 .v4_bx         0x0020c9c8        0x0 linker stubs

.iplt           0x0020c9c8        0x0
 .iplt          0x0020c9c8        0x0 obj_zoul/startup-gcc.o

.socdata        0x20004000       0x40
 *(SORT(.udma_channel_control_table))
 .udma_channel_control_table
                0x20004000       0x40 obj_zoul/udma.o

.data           0x20004040      0x1bd load address 0x0020c9c8
                0x20004040                _data = .
 *(SORT(.data*))
 .data.sensors  0x20004040       0x10 obj_zoul/zoul-sensors.o
                0x20004040                sensors
 .data.cc2538_rf_process
                0x20004050       0x10 obj_zoul/cc2538-rf.o
                0x20004050                cc2538_rf_process
 .data.ctxt     0x20004060        0x8 obj_zoul/dbg-printf.o
 .data.ctimer_process
                0x20004068       0x10 obj_zoul/ctimer.o
                0x20004068                ctimer_process
 .data.etimer_process
                0x20004078       0x10 obj_zoul/etimer.o
                0x20004078                etimer_process
 .data.serial_line_process
                0x20004088       0x10 obj_zoul/serial-line.o
                0x20004088                serial_line_process
 .data.sensors_process
                0x20004098       0x10 obj_zoul/sensors.o
                0x20004098                sensors_process
 .data.echo_request_handler
                0x200040a8        0xc obj_zoul/uip-icmp6.o
 .data.echo_reply_handler
                0x200040b4        0xc obj_zoul/uip-icmp6.o
 .data.defaultroutermemb
                0x200040c0        0xc obj_zoul/uip-ds6-route.o
 .data.nbr_routes_struct
                0x200040cc       0x10 obj_zoul/uip-ds6-route.o
 .data.nbr_routes
                0x200040dc        0x4 obj_zoul/uip-ds6-route.o
                0x200040dc                nbr_routes
 .data.routememb
                0x200040e0        0xc obj_zoul/uip-ds6-route.o
 .data.neighborroutememb
                0x200040ec        0xc obj_zoul/uip-ds6-route.o
 .data.ds6_neighbors
                0x200040f8        0x4 obj_zoul/uip-ds6-nbr.o
                0x200040f8                ds6_neighbors
 .data.ds6_neighbors_struct
                0x200040fc       0x10 obj_zoul/uip-ds6-nbr.o
 .data.ns_input_handler
                0x2000410c        0xc obj_zoul/uip-nd6.o
 .data.tcpip_process
                0x20004118       0x10 obj_zoul/tcpip.o
                0x20004118                tcpip_process
 .data.dao_ack_handler
                0x20004128        0xc obj_zoul/rpl-icmp6.o
 .data.dis_handler
                0x20004134        0xc obj_zoul/rpl-icmp6.o
 .data.dao_handler
                0x20004140        0xc obj_zoul/rpl-icmp6.o
 .data.dio_handler
                0x2000414c        0xc obj_zoul/rpl-icmp6.o
 .data.rpl_parents
                0x20004158        0x4 obj_zoul/rpl-dag.o
                0x20004158                rpl_parents
 .data.rpl_parents_struct
                0x2000415c       0x10 obj_zoul/rpl-dag.o
 .data.rpl_mrhof
                0x2000416c       0x24 obj_zoul/rpl-mrhof.o
                0x2000416c                rpl_mrhof
 .data.bufmem   0x20004190        0xc obj_zoul/queuebuf.o
 .data.buframmem
                0x2000419c        0xc obj_zoul/queuebuf.o
 .data.neighbor_addr_mem
                0x200041a8        0xc obj_zoul/nbr-table.o
 .data.link_stats_struct
                0x200041b4       0x10 obj_zoul/link-stats.o
 .data.metadata_memb
                0x200041c4        0xc obj_zoul/csma.o
 .data.packet_memb
                0x200041d0        0xc obj_zoul/csma.o
 .data.neighbor_memb
                0x200041dc        0xc obj_zoul/csma.o
 .data.hello_world_process
                0x200041e8       0x10 hello-world.co
                0x200041e8                hello_world_process
 .data.mac_pan_id
                0x200041f8        0x2 obj_zoul/frame802154.o
 .data.send_on_cca
                0x200041fa        0x1 obj_zoul/cc2538-rf.o
 .data.rf_channel
                0x200041fb        0x1 obj_zoul/cc2538-rf.o
 .data.dao_sequence
                0x200041fc        0x1 obj_zoul/rpl-icmp6.o
                0x200041fd                _edata = .
                0x0020c9c8                _ldata = LOADADDR (.data)

.igot.plt       0x20004200        0x0 load address 0x0020cb85
 .igot.plt      0x20004200        0x0 obj_zoul/startup-gcc.o

.ARM.exidx      0x0020cb88        0x8
 *(SORT(.ARM.exidx*))
 .ARM.exidx     0x0020cb88        0x8 /usr/lib/gcc/arm-none-eabi/5.4.1/armv7-m/libgcc.a(_udivmoddi4.o)

.bss            0x20004200     0x2757
                0x20004200                _bss = .
 *(SORT(.bss*))
 .bss.rt_ticks_startup
                0x20004200        0x8 obj_zoul/clock.o
 .bss.rt_ticks_epoch
                0x20004208        0x8 obj_zoul/clock.o
 .bss.press_counter
                0x20004210       0x20 obj_zoul/button-sensor.o
 .bss.debouncetimer
                0x20004230        0x8 obj_zoul/button-sensor.o
 .bss.press_duration
                0x20004238        0x4 obj_zoul/button-sensor.o
 .bss.next_trigger
                0x2000423c        0x4 obj_zoul/rtimer-arch.o
 .bss.input_handler
                0x20004240        0x8 obj_zoul/uart.o
 .bss.gpio_callbacks
                0x20004248       0x80 obj_zoul/gpio.o
 .bss.ioc_sel   0x200042c8        0x4 obj_zoul/ioc.o
 .bss.ioc_over  0x200042cc        0x4 obj_zoul/ioc.o
 .bss.notification_process
                0x200042d0        0x4 obj_zoul/crypto.o
 .bss.periph_permit_pm1_funcs
                0x200042d4       0x14 obj_zoul/lpm.o
 .bss.notification_process
                0x200042e8        0x4 obj_zoul/pka.o
 .bss.ctimer_list_list
                0x200042ec        0x4 obj_zoul/ctimer.o
 .bss.timerlist
                0x200042f0        0x4 obj_zoul/etimer.o
 .bss.next_expiration
                0x200042f4        0x4 obj_zoul/etimer.o
 .bss.process_current
                0x200042f8        0x4 obj_zoul/process.o
                0x200042f8                process_current
 .bss.process_list
                0x200042fc        0x4 obj_zoul/process.o
                0x200042fc                process_list
 .bss.events    0x20004300      0x180 obj_zoul/process.o
 .bss.next_rtimer
                0x20004480        0x4 obj_zoul/rtimer.o
 .bss.rxbuf     0x20004484        0x8 obj_zoul/serial-line.o
 .bss.ptr.5300  0x2000448c        0x4 obj_zoul/serial-line.o
 .bss.i.5315    0x20004490        0x4 obj_zoul/sensors.o
 .bss.events.5316
                0x20004494        0x4 obj_zoul/sensors.o
 .bss.echo_reply_callback_list_list
                0x20004498        0x4 obj_zoul/uip-icmp6.o
 .bss.input_handler_list_list
                0x2000449c        0x4 obj_zoul/uip-icmp6.o
 .bss.locmaddr  0x200044a0        0x4 obj_zoul/uip-ds6.o
 .bss.locprefix
                0x200044a4        0x4 obj_zoul/uip-ds6.o
 .bss.locaddr   0x200044a8        0x4 obj_zoul/uip-ds6.o
 .bss.defaultroutermemb_memb_mem
                0x200044ac       0x40 obj_zoul/uip-ds6-route.o
 .bss.num_routes
                0x200044ec        0x4 obj_zoul/uip-ds6-route.o
 .bss.defaultrouterlist_list
                0x200044f0        0x4 obj_zoul/uip-ds6-route.o
 .bss._nbr_routes_mem
                0x200044f4       0x80 obj_zoul/uip-ds6-route.o
 .bss.routelist_list
                0x20004574        0x4 obj_zoul/uip-ds6-route.o
 .bss.routememb_memb_mem
                0x20004578      0x280 obj_zoul/uip-ds6-route.o
 .bss.neighborroutememb_memb_mem
                0x200047f8       0x80 obj_zoul/uip-ds6-route.o
 .bss.notificationlist_list
                0x20004878        0x4 obj_zoul/uip-ds6-route.o
 .bss.nbr       0x2000487c        0x4 obj_zoul/uip-nd6.o
 .bss.nd6_opt_llao
                0x20004880        0x4 obj_zoul/uip-nd6.o
 .bss.addr      0x20004884        0x4 obj_zoul/uip-nd6.o
 .bss.context   0x20004888        0x4 obj_zoul/sicslowpan.o
 .bss.last_rssi
                0x2000488c        0x4 obj_zoul/sicslowpan.o
 .bss.hc06_ptr  0x20004890        0x4 obj_zoul/sicslowpan.o
 .bss.packetbuf_ptr
                0x20004894        0x4 obj_zoul/sicslowpan.o
 .bss.packetbuf_payload_len
                0x20004898        0x4 obj_zoul/sicslowpan.o
 .bss.last_tx_status
                0x2000489c        0x4 obj_zoul/sicslowpan.o
 .bss.callback  0x200048a0        0x4 obj_zoul/sicslowpan.o
 .bss.frag_info
                0x200048a4      0x170 obj_zoul/sicslowpan.o
 .bss.s         0x20004a14       0x44 obj_zoul/tcpip.o
 .bss.periodic  0x20004a58       0x10 obj_zoul/tcpip.o
 .bss.outputfunc
                0x20004a68        0x4 obj_zoul/tcpip.o
 .bss._rpl_parents_mem
                0x20004a6c       0x80 obj_zoul/rpl-dag.o
 .bss.periodic_timer
                0x20004aec       0x20 obj_zoul/rpl-timers.o
 .bss.periodic_timer
                0x20004b0c       0x20 obj_zoul/rpl-nbr-policy.o
 .bss.timer_init
                0x20004b2c        0x4 obj_zoul/rpl-nbr-policy.o
 .bss.num_children
                0x20004b30        0x4 obj_zoul/rpl-nbr-policy.o
 .bss.worst_rank_nbr
                0x20004b34        0x4 obj_zoul/rpl-nbr-policy.o
 .bss.num_parents
                0x20004b38        0x4 obj_zoul/rpl-nbr-policy.o
 .bss.bufmem_memb_mem
                0x20004b3c       0x20 obj_zoul/queuebuf.o
 .bss.nbr_table_keys_list
                0x20004b5c        0x4 obj_zoul/nbr-table.o
 .bss.neighbor_addr_mem_memb_mem
                0x20004b60       0xc0 obj_zoul/nbr-table.o
 .bss.all_tables
                0x20004c20       0x20 obj_zoul/nbr-table.o
 .bss.num_tables
                0x20004c40        0x4 obj_zoul/nbr-table.o
 .bss.packetbuf_aligned
                0x20004c44       0x80 obj_zoul/packetbuf.o
 .bss._link_stats_mem
                0x20004cc4       0xc0 obj_zoul/link-stats.o
 .bss.received_seqnos
                0x20004d84      0x100 obj_zoul/mac-sequence.o
 .bss.metadata_memb_memb_mem
                0x20004e84       0x60 obj_zoul/csma.o
 .bss.neighbor_list_list
                0x20004ee4        0x4 obj_zoul/csma.o
 .bss.packet_memb_memb_mem
                0x20004ee8       0x60 obj_zoul/csma.o
 .bss.neighbor_memb_memb_mem
                0x20004f48       0x70 obj_zoul/csma.o
 .bss.cycle_start
                0x20004fb8        0x4 obj_zoul/contikimac.o
 .bss.we_are_receiving_burst
                0x20004fbc        0x4 obj_zoul/contikimac.o
 .bss.rt        0x20004fc0        0xc obj_zoul/contikimac.o
 .bss.ct.7670   0x20004fcc       0x20 obj_zoul/contikimac.o
 .bss.start.7595
                0x20004fec        0x4 obj_zoul/contikimac.o
 .bss.tmp_ipaddr
                0x20004ff0       0x10 obj_zoul/uip-icmp6.o
 .bss.loc_fipaddr
                0x20005000       0x10 obj_zoul/uip-ds6.o
 .bss.lastport  0x20005010        0x2 obj_zoul/uip6.o
 .bss._ds6_neighbors_mem
                0x20005012      0x120 obj_zoul/uip-ds6-nbr.o
 .bss.my_tag    0x20005132        0x2 obj_zoul/sicslowpan.o
 .bss.next_dis  0x20005134        0x2 obj_zoul/rpl-timers.o
 .bss.worst_rank
                0x20005136        0x2 obj_zoul/rpl-nbr-policy.o
 .bss.buframmem_memb_mem
                0x20005138      0x580 obj_zoul/queuebuf.o
 .bss.buflen    0x200056b8        0x2 obj_zoul/packetbuf.o
 .bss.bufptr    0x200056ba        0x2 obj_zoul/packetbuf.o
 .bss.seqno.6870
                0x200056bc        0x2 obj_zoul/csma.o
 .bss.pt        0x200056be        0x2 obj_zoul/contikimac.o
 .bss.leds      0x200056c0        0x1 obj_zoul/leds.o
 .bss.press_event_counter
                0x200056c1        0x1 obj_zoul/button-sensor.o
 .bss.initialized
                0x200056c2        0x1 obj_zoul/antenna-sw.o
 .bss.crc_corr  0x200056c3        0x1 obj_zoul/cc2538-rf.o
 .bss.rssi      0x200056c4        0x1 obj_zoul/cc2538-rf.o
 .bss.poll_mode
                0x200056c5        0x1 obj_zoul/cc2538-rf.o
 .bss.rf_flags  0x200056c6        0x1 obj_zoul/cc2538-rf.o
 .bss.max_pm    0x200056c7        0x1 obj_zoul/lpm.o
 .bss.initialized
                0x200056c8        0x1 obj_zoul/ctimer.o
 .bss.fevent    0x200056c9        0x1 obj_zoul/process.o
 .bss.nevents   0x200056ca        0x1 obj_zoul/process.o
 .bss.poll_requested
                0x200056cb        0x1 obj_zoul/process.o
 .bss.lastevent
                0x200056cc        0x1 obj_zoul/process.o
 .bss.rxbuf_data
                0x200056cd       0x80 obj_zoul/serial-line.o
 .bss.overflow.5293
                0x2000574d        0x1 obj_zoul/serial-line.o
 .bss.buf.5299  0x2000574e       0x80 obj_zoul/serial-line.o
 .bss.num_sensors
                0x200057ce        0x1 obj_zoul/sensors.o
 .bss.defaultroutermemb_memb_count
                0x200057cf        0x2 obj_zoul/uip-ds6-route.o
 .bss.neighborroutememb_memb_count
                0x200057d1       0x10 obj_zoul/uip-ds6-route.o
 .bss.routememb_memb_count
                0x200057e1       0x10 obj_zoul/uip-ds6-route.o
 .bss.uip_ext_len
                0x200057f1        0x1 obj_zoul/uip6.o
                0x200057f1                uip_ext_len
 .bss.uip_ext_bitmap
                0x200057f2        0x1 obj_zoul/uip6.o
                0x200057f2                uip_ext_bitmap
 .bss.iss       0x200057f3        0x4 obj_zoul/uip6.o
 .bss.uip_ext_opt_offset
                0x200057f7        0x1 obj_zoul/uip6.o
                0x200057f7                uip_ext_opt_offset
 .bss.nd6_opt_offset
                0x200057f8        0x1 obj_zoul/uip-nd6.o
 .bss.uncomp_hdr_len
                0x200057f9        0x1 obj_zoul/sicslowpan.o
 .bss.addr_contexts
                0x200057fa        0xa obj_zoul/sicslowpan.o
 .bss.frag_buf  0x20005804      0x54c obj_zoul/sicslowpan.o
 .bss.packetbuf_hdr_len
                0x20005d50        0x1 obj_zoul/sicslowpan.o
 .bss.dio_send_ok
                0x20005d51        0x1 obj_zoul/rpl-timers.o
 .bss.mode      0x20005d52        0x1 obj_zoul/rpl.o
 .bss.buframmem_memb_count
                0x20005d53        0x8 obj_zoul/queuebuf.o
 .bss.bufmem_memb_count
                0x20005d5b        0x8 obj_zoul/queuebuf.o
 .bss.neighbor_addr_mem_memb_count
                0x20005d63       0x10 obj_zoul/nbr-table.o
 .bss.locked_map
                0x20005d73       0x10 obj_zoul/nbr-table.o
 .bss.used_map  0x20005d83       0x10 obj_zoul/nbr-table.o
 .bss.hdrlen    0x20005d93        0x1 obj_zoul/packetbuf.o
 .bss.mac_dsn   0x20005d94        0x1 obj_zoul/framer-802154.o
 .bss.initialized
                0x20005d95        0x1 obj_zoul/framer-802154.o
 .bss.metadata_memb_memb_count
                0x20005d96        0x8 obj_zoul/csma.o
 .bss.packet_memb_memb_count
                0x20005d9e        0x8 obj_zoul/csma.o
 .bss.initialized.6869
                0x20005da6        0x1 obj_zoul/csma.o
 .bss.neighbor_memb_memb_count
                0x20005da7        0x2 obj_zoul/csma.o
 .bss.periods.7597
                0x20005da9        0x1 obj_zoul/contikimac.o
 .bss.radio_is_on
                0x20005daa        0x1 obj_zoul/contikimac.o
 .bss.we_are_sending
                0x20005dab        0x1 obj_zoul/contikimac.o
 .bss.contikimac_keep_radio_on
                0x20005dac        0x1 obj_zoul/contikimac.o
 .bss.packet_seen.7589
                0x20005dad        0x1 obj_zoul/contikimac.o
 .bss.silence_periods.7596
                0x20005dae        0x1 obj_zoul/contikimac.o
 .bss.contikimac_is_on
                0x20005daf        0x1 obj_zoul/contikimac.o
 .bss.count.7590
                0x20005db0        0x1 obj_zoul/contikimac.o
 *(SORT(COMMON))
 *fill*         0x20005db1        0x3 
 COMMON         0x20005db4      0x174 obj_zoul/uip-ds6.o
                0x20005db4                uip_ds6_timer_ra
                0x20005dbc                uip_ds6_if
                0x20005eb4                uip_ds6_netif_addr_list_offset
                0x20005eb5                uip_ds6_addr_size
                0x20005eb8                uip_ds6_prefix_list
                0x20005f18                uip_ds6_timer_periodic
 COMMON         0x20005f28      0x878 obj_zoul/uip6.o
                0x20005f28                uip_len
                0x20005f2c                uip_sappdata
                0x20005f30                uip_acc32
                0x20005f34                uip_lladdr
                0x20005f3c                uip_aligned_buf
                0x20006450                uip_flags
                0x20006454                uip_next_hdr
                0x20006458                uip_udp_conn
                0x2000645c                uip_appdata
                0x20006460                uip_conn
                0x20006464                uip_conns
                0x20006644                uip_icmp6_conns
                0x2000664c                uip_listenports
                0x2000665c                uip_slen
                0x20006660                uip_udp_conns
 COMMON         0x200067a0      0x158 obj_zoul/rpl-dag.o
                0x200067a0                default_instance
                0x200067a4                instance_table
 COMMON         0x200068f8       0x20 obj_zoul/link-stats.o
                0x200068f8                periodic_timer
 COMMON         0x20006918       0x2e obj_zoul/packetbuf.o
                0x20006918                packetbuf_addrs
                0x20006928                packetbuf_attrs
 COMMON         0x20006946        0x1 obj_zoul/button-sensor.o
                0x20006946                button_press_duration_exceeded
 COMMON         0x20006947        0x4 obj_zoul/zoul-sensors.o
                0x20006947                sensors_flags
 COMMON         0x2000694b        0x1 obj_zoul/serial-line.o
                0x2000694b                serial_line_event_message
 COMMON         0x2000694c        0x1 obj_zoul/sensors.o
                0x2000694c                sensors_event
 COMMON         0x2000694d        0x2 obj_zoul/tcpip.o
                0x2000694d                tcpip_event
                0x2000694e                tcpip_icmp6_event
 COMMON         0x2000694f        0x8 obj_zoul/linkaddr.o
                0x2000694f                linkaddr_node_addr
                0x20006957                _ebss = .

.stack          0x20006958      0x800
 *(SORT(.stack))
 .stack         0x20006958      0x800 obj_zoul/startup-gcc.o
                0x20007158                _heap = .
                0x20008000                _eheap = (ORIGIN (FRSRAM) + LENGTH (FRSRAM))

.nrdata         0x20000000        0x0
                0x20000000                _nrdata = .
 *(SORT(.nrdata*))
                0x20000000                _enrdata = .

.flashcca       0x0027ffd4       0x2c
 *(SORT(.flashcca))
 .flashcca      0x0027ffd4       0x2c obj_zoul/startup-gcc.o
                0x0027ffd4                flash_cca_lock_page
OUTPUT(hello-world.elf elf32-littlearm)

.rel.dyn        0x00280000        0x0
 .rel.iplt      0x00280000        0x0 obj_zoul/startup-gcc.o

.comment        0x00000000       0x2b
 .comment       0x00000000       0x2b obj_zoul/startup-gcc.o
                                 0x2c (size before relaxing)
 .comment       0x0000002b       0x2c obj_zoul/contiki-main.o
 .comment       0x0000002b       0x2c obj_zoul/leds.o
 .comment       0x0000002b       0x2c obj_zoul/button-sensor.o
 .comment       0x0000002b       0x2c obj_zoul/zoul-sensors.o
 .comment       0x0000002b       0x2c obj_zoul/board.o
 .comment       0x0000002b       0x2c obj_zoul/antenna-sw.o
 .comment       0x0000002b       0x2c obj_zoul/leds-res-arch.o
 .comment       0x0000002b       0x2c obj_zoul/soc.o
 .comment       0x0000002b       0x2c obj_zoul/clock.o
 .comment       0x0000002b       0x2c obj_zoul/rtimer-arch.o
 .comment       0x0000002b       0x2c obj_zoul/uart.o
 .comment       0x0000002b       0x2c obj_zoul/watchdog.o
 .comment       0x0000002b       0x2c obj_zoul/nvic.o
 .comment       0x0000002b       0x2c obj_zoul/sys-ctrl.o
 .comment       0x0000002b       0x2c obj_zoul/gpio.o
 .comment       0x0000002b       0x2c obj_zoul/ioc.o
 .comment       0x0000002b       0x2c obj_zoul/adc.o
 .comment       0x0000002b       0x2c obj_zoul/crypto.o
 .comment       0x0000002b       0x2c obj_zoul/cc2538-rf.o
 .comment       0x0000002b       0x2c obj_zoul/udma.o
 .comment       0x0000002b       0x2c obj_zoul/lpm.o
 .comment       0x0000002b       0x2c obj_zoul/pka.o
 .comment       0x0000002b       0x2c obj_zoul/dbg.o
 .comment       0x0000002b       0x2c obj_zoul/ieee-addr.o
 .comment       0x0000002b       0x2c obj_zoul/cc2538-temp-sensor.o
 .comment       0x0000002b       0x2c obj_zoul/vdd3-sensor.o
 .comment       0x0000002b       0x2c obj_zoul/dbg-printf.o
 .comment       0x0000002b       0x2c obj_zoul/strformat.o
 .comment       0x0000002b       0x2c obj_zoul/autostart.o
 .comment       0x0000002b       0x2c obj_zoul/ctimer.o
 .comment       0x0000002b       0x2c obj_zoul/energest.o
 .comment       0x0000002b       0x2c obj_zoul/stimer.o
 .comment       0x0000002b       0x2c obj_zoul/etimer.o
 .comment       0x0000002b       0x2c obj_zoul/process.o
 .comment       0x0000002b       0x2c obj_zoul/rtimer.o
 .comment       0x0000002b       0x2c obj_zoul/timer.o
 .comment       0x0000002b       0x2c obj_zoul/serial-line.o
 .comment       0x0000002b       0x2c obj_zoul/sensors.o
 .comment       0x0000002b       0x2c obj_zoul/list.o
 .comment       0x0000002b       0x2c obj_zoul/memb.o
 .comment       0x0000002b       0x2c obj_zoul/random.o
 .comment       0x0000002b       0x2c obj_zoul/ringbuf.o
 .comment       0x0000002b       0x2c obj_zoul/uip-icmp6.o
 .comment       0x0000002b       0x2c obj_zoul/uip-ds6.o
 .comment       0x0000002b       0x2c obj_zoul/uip-ds6-route.o
 .comment       0x0000002b       0x2c obj_zoul/uip6.o
 .comment       0x0000002b       0x2c obj_zoul/uip-ds6-nbr.o
 .comment       0x0000002b       0x2c obj_zoul/uip-nd6.o
 .comment       0x0000002b       0x2c obj_zoul/sicslowpan.o
 .comment       0x0000002b       0x2c obj_zoul/uip-debug.o
 .comment       0x0000002b       0x2c obj_zoul/tcpip.o
 .comment       0x0000002b       0x2c obj_zoul/rpl-icmp6.o
 .comment       0x0000002b       0x2c obj_zoul/rpl-dag.o
 .comment       0x0000002b       0x2c obj_zoul/rpl-timers.o
 .comment       0x0000002b       0x2c obj_zoul/rpl-ext-header.o
 .comment       0x0000002b       0x2c obj_zoul/rpl.o
 .comment       0x0000002b       0x2c obj_zoul/rpl-nbr-policy.o
 .comment       0x0000002b       0x2c obj_zoul/rpl-mrhof.o
 .comment       0x0000002b       0x2c obj_zoul/mtarch.o
 .comment       0x0000002b       0x2c obj_zoul/queuebuf.o
 .comment       0x0000002b       0x2c obj_zoul/nbr-table.o
 .comment       0x0000002b       0x2c obj_zoul/packetbuf.o
 .comment       0x0000002b       0x2c obj_zoul/netstack.o
 .comment       0x0000002b       0x2c obj_zoul/linkaddr.o
 .comment       0x0000002b       0x2c obj_zoul/link-stats.o
 .comment       0x0000002b       0x2c obj_zoul/mac-sequence.o
 .comment       0x0000002b       0x2c obj_zoul/frame802154.o
 .comment       0x0000002b       0x2c obj_zoul/mac.o
 .comment       0x0000002b       0x2c obj_zoul/framer-802154.o
 .comment       0x0000002b       0x2c obj_zoul/csma.o
 .comment       0x0000002b       0x2c obj_zoul/contikimac.o
 .comment       0x0000002b       0x2c obj_zoul/nullsec.o
 .comment       0x0000002b       0x2c hello-world.co
 .comment       0x0000002b       0x2c /usr/lib/gcc/arm-none-eabi/5.4.1/armv7-m/libgcc.a(_udivmoddi4.o)
 .comment       0x0000002b       0x2c /usr/lib/gcc/arm-none-eabi/5.4.1/../../../arm-none-eabi/lib/armv7-m/libc.a(lib_a-memcmp.o)
 .comment       0x0000002b       0x2c /usr/lib/gcc/arm-none-eabi/5.4.1/../../../arm-none-eabi/lib/armv7-m/libc.a(lib_a-memmove.o)
 .comment       0x0000002b       0x2c /usr/lib/gcc/arm-none-eabi/5.4.1/../../../arm-none-eabi/lib/armv7-m/libc.a(lib_a-memset.o)

.ARM.attributes
                0x00000000       0x31
 .ARM.attributes
                0x00000000       0x33 obj_zoul/startup-gcc.o
 .ARM.attributes
                0x00000033       0x33 obj_zoul/contiki-main.o
 .ARM.attributes
                0x00000066       0x33 obj_zoul/leds.o
 .ARM.attributes
                0x00000099       0x33 obj_zoul/button-sensor.o
 .ARM.attributes
                0x000000cc       0x33 obj_zoul/zoul-sensors.o
 .ARM.attributes
                0x000000ff       0x33 obj_zoul/board.o
 .ARM.attributes
                0x00000132       0x33 obj_zoul/antenna-sw.o
 .ARM.attributes
                0x00000165       0x33 obj_zoul/leds-res-arch.o
 .ARM.attributes
                0x00000198       0x33 obj_zoul/soc.o
 .ARM.attributes
                0x000001cb       0x33 obj_zoul/clock.o
 .ARM.attributes
                0x000001fe       0x33 obj_zoul/rtimer-arch.o
 .ARM.attributes
                0x00000231       0x33 obj_zoul/uart.o
 .ARM.attributes
                0x00000264       0x33 obj_zoul/watchdog.o
 .ARM.attributes
                0x00000297       0x33 obj_zoul/nvic.o
 .ARM.attributes
                0x000002ca       0x33 obj_zoul/sys-ctrl.o
 .ARM.attributes
                0x000002fd       0x33 obj_zoul/gpio.o
 .ARM.attributes
                0x00000330       0x33 obj_zoul/ioc.o
 .ARM.attributes
                0x00000363       0x33 obj_zoul/adc.o
 .ARM.attributes
                0x00000396       0x33 obj_zoul/crypto.o
 .ARM.attributes
                0x000003c9       0x33 obj_zoul/cc2538-rf.o
 .ARM.attributes
                0x000003fc       0x33 obj_zoul/udma.o
 .ARM.attributes
                0x0000042f       0x33 obj_zoul/lpm.o
 .ARM.attributes
                0x00000462       0x33 obj_zoul/pka.o
 .ARM.attributes
                0x00000495       0x33 obj_zoul/dbg.o
 .ARM.attributes
                0x000004c8       0x33 obj_zoul/ieee-addr.o
 .ARM.attributes
                0x000004fb       0x33 obj_zoul/cc2538-temp-sensor.o
 .ARM.attributes
                0x0000052e       0x33 obj_zoul/vdd3-sensor.o
 .ARM.attributes
                0x00000561       0x33 obj_zoul/dbg-printf.o
 .ARM.attributes
                0x00000594       0x33 obj_zoul/strformat.o
 .ARM.attributes
                0x000005c7       0x33 obj_zoul/autostart.o
 .ARM.attributes
                0x000005fa       0x33 obj_zoul/ctimer.o
 .ARM.attributes
                0x0000062d       0x33 obj_zoul/energest.o
 .ARM.attributes
                0x00000660       0x33 obj_zoul/stimer.o
 .ARM.attributes
                0x00000693       0x33 obj_zoul/etimer.o
 .ARM.attributes
                0x000006c6       0x33 obj_zoul/process.o
 .ARM.attributes
                0x000006f9       0x33 obj_zoul/rtimer.o
 .ARM.attributes
                0x0000072c       0x33 obj_zoul/timer.o
 .ARM.attributes
                0x0000075f       0x33 obj_zoul/serial-line.o
 .ARM.attributes
                0x00000792       0x33 obj_zoul/sensors.o
 .ARM.attributes
                0x000007c5       0x33 obj_zoul/list.o
 .ARM.attributes
                0x000007f8       0x33 obj_zoul/memb.o
 .ARM.attributes
                0x0000082b       0x33 obj_zoul/random.o
 .ARM.attributes
                0x0000085e       0x33 obj_zoul/ringbuf.o
 .ARM.attributes
                0x00000891       0x33 obj_zoul/uip-icmp6.o
 .ARM.attributes
                0x000008c4       0x33 obj_zoul/uip-ds6.o
 .ARM.attributes
                0x000008f7       0x33 obj_zoul/uip-ds6-route.o
 .ARM.attributes
                0x0000092a       0x33 obj_zoul/uip6.o
 .ARM.attributes
                0x0000095d       0x33 obj_zoul/uip-ds6-nbr.o
 .ARM.attributes
                0x00000990       0x33 obj_zoul/uip-nd6.o
 .ARM.attributes
                0x000009c3       0x33 obj_zoul/sicslowpan.o
 .ARM.attributes
                0x000009f6       0x33 obj_zoul/uip-debug.o
 .ARM.attributes
                0x00000a29       0x33 obj_zoul/tcpip.o
 .ARM.attributes
                0x00000a5c       0x33 obj_zoul/rpl-icmp6.o
 .ARM.attributes
                0x00000a8f       0x33 obj_zoul/rpl-dag.o
 .ARM.attributes
                0x00000ac2       0x33 obj_zoul/rpl-timers.o
 .ARM.attributes
                0x00000af5       0x33 obj_zoul/rpl-ext-header.o
 .ARM.attributes
                0x00000b28       0x33 obj_zoul/rpl.o
 .ARM.attributes
                0x00000b5b       0x33 obj_zoul/rpl-nbr-policy.o
 .ARM.attributes
                0x00000b8e       0x33 obj_zoul/rpl-mrhof.o
 .ARM.attributes
                0x00000bc1       0x33 obj_zoul/mtarch.o
 .ARM.attributes
                0x00000bf4       0x33 obj_zoul/queuebuf.o
 .ARM.attributes
                0x00000c27       0x33 obj_zoul/nbr-table.o
 .ARM.attributes
                0x00000c5a       0x33 obj_zoul/packetbuf.o
 .ARM.attributes
                0x00000c8d       0x33 obj_zoul/netstack.o
 .ARM.attributes
                0x00000cc0       0x33 obj_zoul/linkaddr.o
 .ARM.attributes
                0x00000cf3       0x33 obj_zoul/link-stats.o
 .ARM.attributes
                0x00000d26       0x33 obj_zoul/mac-sequence.o
 .ARM.attributes
                0x00000d59       0x33 obj_zoul/frame802154.o
 .ARM.attributes
                0x00000d8c       0x33 obj_zoul/mac.o
 .ARM.attributes
                0x00000dbf       0x33 obj_zoul/framer-802154.o
 .ARM.attributes
                0x00000df2       0x33 obj_zoul/csma.o
 .ARM.attributes
                0x00000e25       0x33 obj_zoul/contikimac.o
 .ARM.attributes
                0x00000e58       0x33 obj_zoul/nullsec.o
 .ARM.attributes
                0x00000e8b       0x33 hello-world.co
 .ARM.attributes
                0x00000ebe       0x1d /usr/lib/gcc/arm-none-eabi/5.4.1/armv7-m/libgcc.a(_aeabi_uldivmod.o)
 .ARM.attributes
                0x00000edb       0x2d /usr/lib/gcc/arm-none-eabi/5.4.1/armv7-m/libgcc.a(_udivmoddi4.o)
 .ARM.attributes
                0x00000f08       0x1d /usr/lib/gcc/arm-none-eabi/5.4.1/armv7-m/libgcc.a(_dvmd_tls.o)
 .ARM.attributes
                0x00000f25       0x2d /usr/lib/gcc/arm-none-eabi/5.4.1/../../../arm-none-eabi/lib/armv7-m/libc.a(lib_a-memcmp.o)
 .ARM.attributes